MPLINK 4.48, Linker
Linker Map File - Created Wed Dec 18 18:09:15 2013

                                 Section Info
                  Section       Type    Address   Location Size(Bytes)
                ---------  ---------  ---------  ---------  ---------
               _entry_scn       code   0x000000    program   0x000006
           .code___init.o       code   0x000006    program   0x000002
              high_vector       code   0x000008    program   0x000018
                   .cinit    romdata   0x000020    program   0x000056
         .code_math_fun.o       code   0x000076    program   0x000bc4
       .code_rtc_driver.o       code   0x000c3a    program   0x000934
     .code_digitdisplay.o       code   0x00156e    program   0x0003f8
       .code_i2c_driver.o       code   0x001966    program   0x000246
            .code_timer.o       code   0x001bac    program   0x000210
              .code_app.o       code   0x001dbc    program   0x0000e6
               _cinit_scn       code   0x001ea2    program   0x00009e
             .code_main.o       code   0x001f40    program   0x000096
             .stringtable    romdata   0x001fd6    program   0x00004c
         .code_fxd3232u.o       code   0x002022    program   0x000048
           .code_t1open.o       code   0x00206a    program   0x000042
                     PROG       code   0x0020ac    program   0x00003c
          .code_t1write.o       code   0x0020e8    program   0x000038
          .code_t0write.o       code   0x002120    program   0x000038
           .code_t0open.o       code   0x002158    program   0x000038
         .code_fxd1616u.o       code   0x002190    program   0x00002c
              D1KTCYXCODE       code   0x0021bc    program   0x000020
                    .code       code   0x0021dc    program   0x000020
             _startup_scn       code   0x0021fc    program   0x00001c
         .code_fxd0808u.o       code   0x002218    program   0x00001c
        .code_heartBeat.o       code   0x002234    program   0x00001a
              D10TCYXCODE       code   0x00224e    program   0x000016
            .code_board.o       code   0x002264    program   0x000010
           DISPLAY_DATA_i    romdata   0x002274    program   0x000019
      .romdata_math_fun.o    romdata   0x00228d    program   0x000000
      .romdata_fxd1616u.o    romdata   0x00228d    program   0x000000
         .romdata_c018i.o    romdata   0x00228d    program   0x000000
    .romdata_rtc_driver.o    romdata   0x00228d    program   0x000000
  .romdata_digitdisplay.o    romdata   0x00228d    program   0x000000
    .romdata_i2c_driver.o    romdata   0x00228d    program   0x000000
      .romdata_fxd0808u.o    romdata   0x00228d    program   0x000000
      .romdata_fxd3232u.o    romdata   0x00228d    program   0x000000
       .romdata_t1write.o    romdata   0x00228d    program   0x000000
          .romdata_main.o    romdata   0x00228d    program   0x000000
           .romdata_app.o    romdata   0x00228d    program   0x000000
       .romdata_t0write.o    romdata   0x00228d    program   0x000000
.romdata_interruptvector.o    romdata   0x00228d    program   0x000000
        .romdata_t1open.o    romdata   0x00228d    program   0x000000
        .romdata_t0open.o    romdata   0x00228d    program   0x000000
        .romdata___init.o    romdata   0x00228d    program   0x000000
         .idata_timer.o_i    romdata   0x00228d    program   0x00000e
         .romdata_timer.o    romdata   0x00228d    program   0x000000
     .romdata_heartBeat.o    romdata   0x00228d    program   0x000000
         .romdata_board.o    romdata   0x00228d    program   0x000000
        .idata_t0open.o_i    romdata   0x00229b    program   0x000000
        .idata_t1open.o_i    romdata   0x00229b    program   0x000000
    .idata_rtc_driver.o_i    romdata   0x00229b    program   0x000028
       .idata_t0write.o_i    romdata   0x00229b    program   0x000000
       .idata_t1write.o_i    romdata   0x00229b    program   0x000000
      .idata_math_fun.o_i    romdata   0x0022c3    program   0x000000
          .idata_main.o_i    romdata   0x0022c3    program   0x000014
     .idata_heartBeat.o_i    romdata   0x0022d7    program   0x000001
    .idata_i2c_driver.o_i    romdata   0x0022d7    program   0x000000
.idata_interruptvector.o_i    romdata   0x0022d7    program   0x000000
      .idata_fxd0808u.o_i    romdata   0x0022d8    program   0x000000
  .idata_digitdisplay.o_i    romdata   0x0022d8    program   0x00000b
      .idata_fxd1616u.o_i    romdata   0x0022d8    program   0x000000
      .idata_fxd3232u.o_i    romdata   0x0022d8    program   0x000000
         .idata_c018i.o_i    romdata   0x0022e3    program   0x000000
         .idata_board.o_i    romdata   0x0022e3    program   0x000000
           .idata_app.o_i    romdata   0x0022e3    program   0x000016
        .idata___init.o_i    romdata   0x0022f9    program   0x000000
  .code_interruptvector.o       code   0x0022fa    program   0x000000
            .code_c018i.o       code   0x0022fa    program   0x000000
    .config_300001_main.o    romdata   0x300001    program   0x000001
    .config_300002_main.o    romdata   0x300002    program   0x000001
    .config_300003_main.o    romdata   0x300003    program   0x000001
    .config_300005_main.o    romdata   0x300005    program   0x000001
    .config_300006_main.o    romdata   0x300006    program   0x000001
    .config_300008_main.o    romdata   0x300008    program   0x000001
    .config_300009_main.o    romdata   0x300009    program   0x000001
    .config_30000a_main.o    romdata   0x30000a    program   0x000001
    .config_30000b_main.o    romdata   0x30000b    program   0x000001
    .config_30000c_main.o    romdata   0x30000c    program   0x000001
    .config_30000d_main.o    romdata   0x30000d    program   0x000001
                MATH_DATA      udata   0x000000       data   0x000014
                 .tmpdata      udata   0x000014       data   0x000008
                DELAYDAT1      udata   0x00001c       data   0x000001
      .idata_rtc_driver.o      idata   0x000080       data   0x000028
             .idata_app.o      idata   0x0000a8       data   0x000016
            .idata_main.o      idata   0x0000be       data   0x000014
      .udata_rtc_driver.o      udata   0x0000d2       data   0x000010
           .idata_timer.o      idata   0x0000e2       data   0x00000e
    .idata_digitdisplay.o      idata   0x0000f0       data   0x00000b
           .udata_board.o      udata   0x0000fb       data   0x000001
       .idata_heartBeat.o      idata   0x0000fc       data   0x000001
          .idata___init.o      idata   0x0000fd       data   0x000000
        .udata_fxd0808u.o      udata   0x0000fd       data   0x000000
        .idata_fxd0808u.o      idata   0x0000fd       data   0x000000
        .udata_fxd1616u.o      udata   0x0000fd       data   0x000000
        .idata_fxd1616u.o      idata   0x0000fd       data   0x000000
        .udata_fxd3232u.o      udata   0x0000fd       data   0x000000
        .idata_fxd3232u.o      idata   0x0000fd       data   0x000000
          .udata_t0open.o      udata   0x0000fd       data   0x000000
          .idata_t0open.o      idata   0x0000fd       data   0x000000
          .udata_t1open.o      udata   0x0000fd       data   0x000000
          .idata_t1open.o      idata   0x0000fd       data   0x000000
         .udata_t0write.o      udata   0x0000fd       data   0x000000
         .idata_t0write.o      idata   0x0000fd       data   0x000000
         .udata_t1write.o      udata   0x0000fd       data   0x000000
         .idata_t1write.o      idata   0x0000fd       data   0x000000
          .udata___init.o      udata   0x0000fd       data   0x000000
    .udata_digitdisplay.o      udata   0x0000fd       data   0x000000
        .idata_math_fun.o      idata   0x0000fd       data   0x000000
        .udata_math_fun.o      udata   0x0000fd       data   0x000000
      .idata_i2c_driver.o      idata   0x0000fd       data   0x000000
      .udata_i2c_driver.o      udata   0x0000fd       data   0x000000
           .idata_board.o      idata   0x0000fd       data   0x000000
           .udata_timer.o      udata   0x0000fd       data   0x000000
            .udata_main.o      udata   0x0000fd       data   0x000000
 .idata_interruptvector.o      idata   0x0000fd       data   0x000000
 .udata_interruptvector.o      udata   0x0000fd       data   0x000000
       .udata_heartBeat.o      udata   0x0000fd       data   0x000000
             .udata_app.o      udata   0x0000fd       data   0x000000
           .idata_c018i.o      idata   0x0000fd       data   0x000000
             DISPLAY_DATA      idata   0x000500       data   0x000019
                   .stack      udata   0x000e00       data   0x000100
           .udata_c018i.o      udata   0x000f00       data   0x00000a
            SFR_UNBANKED0      udata   0x000f80       data   0x000080



                              Program Memory Usage 
                               Start         End      
                           ---------   ---------      
                            0x000000    0x0022f8      
                            0x300001    0x300003      
                            0x300005    0x300006      
                            0x300008    0x30000d      
            8964 out of 66584 program addresses used, program memory utilization is 13%



                              Symbols - Sorted by Name
                     Name    Address   Location    Storage File                     
                ---------  ---------  ---------  --------- ---------                
          APP_comCallBack   0x001e50    program     extern F:\PIC_Projects\RTC_IN1307\app.c
                 APP_init   0x001dbc    program     extern F:\PIC_Projects\RTC_IN1307\app.c
                 APP_task   0x001de6    program     extern F:\PIC_Projects\RTC_IN1307\app.c
                  BCD2HEX   0x000104    program     extern F:\PIC_Projects\MMD_TXDISP_Firmware\math_fun.c
                 BCDtoBin   0x000ab0    program     extern F:\PIC_Projects\MMD_TXDISP_Firmware\math_fun.c
                 BRD_init   0x002264    program     extern F:\PIC_Projects\RTC_IN1307\board.c
                 BinToBCD   0x000ade    program     extern F:\PIC_Projects\MMD_TXDISP_Firmware\math_fun.c
ConvertAndDisplay16BitValue   0x0001a2    program     extern F:\PIC_Projects\MMD_TXDISP_Firmware\math_fun.c
ConvertAndDisplay32BitValue   0x00056e    program     extern F:\PIC_Projects\MMD_TXDISP_Firmware\math_fun.c
ConvertAndDisplay8BitValue   0x000432    program     extern F:\PIC_Projects\MMD_TXDISP_Firmware\math_fun.c
           ConvertBCD2HEX   0x000076    program     extern F:\PIC_Projects\MMD_TXDISP_Firmware\math_fun.c
  ConvertHour12to24Format   0x001268    program     extern F:\PIC_Projects\RTC_IN1307\rtc_driver.c
  ConvertTime12to24Format   0x00110e    program     extern F:\PIC_Projects\RTC_IN1307\rtc_driver.c
  ConvertTime24to12Format   0x000f7e    program     extern F:\PIC_Projects\RTC_IN1307\rtc_driver.c
ConvertUnPackedAsciiToPacked16BitHexValue   0x000b24    program     extern F:\PIC_Projects\MMD_TXDISP_Firmware\math_fun.c
                    D10_1   0x00225e    program     static E:\c18v3.46\pic18-lt\cxx-framework\src\traditional\delays\d10tcyx.asm
                     D10x   0x002256    program     static E:\c18v3.46\pic18-lt\cxx-framework\src\traditional\delays\d10tcyx.asm
                    D1K_1   0x0021c8    program     static E:\c18v3.46\pic18-lt\cxx-framework\src\traditional\delays\d1ktcyx.asm
                     D1Kx   0x0021c6    program     static E:\c18v3.46\pic18-lt\cxx-framework\src\traditional\delays\d1ktcyx.asm
              Delay10TCYx   0x00224e    program     extern E:\c18v3.46\pic18-lt\cxx-framework\src\traditional\delays\d10tcyx.asm
              Delay1KTCYx   0x0021bc    program     extern E:\c18v3.46\pic18-lt\cxx-framework\src\traditional\delays\d1ktcyx.asm
    DigitDisplay_blinkOff   0x0018ac    program     extern F:\PIC_Projects\RTC_IN1307\digitdisplay.c
     DigitDisplay_blinkOn   0x001892    program     extern F:\PIC_Projects\RTC_IN1307\digitdisplay.c
       DigitDisplay_clear   0x0018ba    program     extern F:\PIC_Projects\RTC_IN1307\digitdisplay.c
        DigitDisplay_init   0x00156e    program     extern F:\PIC_Projects\RTC_IN1307\digitdisplay.c
        DigitDisplay_task   0x00166a    program     extern F:\PIC_Projects\RTC_IN1307\digitdisplay.c
DigitDisplay_updateBuffer   0x0016f0    program     extern F:\PIC_Projects\RTC_IN1307\digitdisplay.c
DigitDisplay_updateBufferBinary   0x0017ba    program     extern F:\PIC_Projects\RTC_IN1307\digitdisplay.c
 DigitDisplay_updateDigit   0x00180e    program     extern F:\PIC_Projects\RTC_IN1307\digitdisplay.c
         EnableInterrupts   0x00001a    program     extern F:\PIC_Projects\RTC_IN1307\interruptvector.c
                 FXD0808U   0x002218    program     extern E:\c18v3.46\pic18-lt\cxx-framework\src\traditional\math\fxd0808u.c
                 FXD1616U   0x002190    program     extern E:\c18v3.46\pic18-lt\cxx-framework\src\traditional\math\fxd1616u.c
                 FXD3232U   0x002022    program     extern E:\c18v3.46\pic18-lt\cxx-framework\src\traditional\math\fxd3232u.c
                 FXM1616U   0x0020ac    program     extern E:\c18v3.46\pic18-lt\cxx-framework\src\traditional\math\fxm1616u.asm
                  HB_init   0x002234    program     extern F:\PIC_Projects\RTC_IN1307\heartBeat.c
                  HB_task   0x00223a    program     extern F:\PIC_Projects\RTC_IN1307\heartBeat.c
                  HEX2BCD   0x00013e    program     extern F:\PIC_Projects\MMD_TXDISP_Firmware\math_fun.c
            InitializeI2C   0x001966    program     extern F:\PIC_Projects\RTC_IN1307\i2c_driver.c
            InitializeRtc   0x0014f4    program     extern F:\PIC_Projects\RTC_IN1307\rtc_driver.c
                  Int2Day   0x000c3a    program     extern F:\PIC_Projects\RTC_IN1307\rtc_driver.c
                Int2Month   0x000c72    program     extern F:\PIC_Projects\RTC_IN1307\rtc_driver.c
               OpenTimer0   0x002158    program     extern E:\c18v3.46\pic18-lt\cxx-framework\src\pmc_common\Timers\t0open.c
               OpenTimer1   0x00206a    program     extern E:\c18v3.46\pic18-lt\cxx-framework\src\pmc_common\Timers\t1open.c
              ReadByteI2C   0x001b36    program     extern F:\PIC_Projects\RTC_IN1307\i2c_driver.c
                  ReadI2C   0x001a94    program     extern F:\PIC_Projects\RTC_IN1307\i2c_driver.c
       ReadRtcTimeAndDate   0x000cb8    program     extern F:\PIC_Projects\RTC_IN1307\rtc_driver.c
                 ResetI2C   0x0019ca    program     extern F:\PIC_Projects\RTC_IN1307\i2c_driver.c
              SetHourMode   0x000f14    program     extern F:\PIC_Projects\RTC_IN1307\rtc_driver.c
                 StartI2C   0x00197e    program     extern F:\PIC_Projects\RTC_IN1307\i2c_driver.c
                  StopI2C   0x0019aa    program     extern F:\PIC_Projects\RTC_IN1307\i2c_driver.c
          StoreSystemDate   0x0013c4    program     extern F:\PIC_Projects\RTC_IN1307\rtc_driver.c
           StoreSystemDay   0x0014bc    program     extern F:\PIC_Projects\RTC_IN1307\rtc_driver.c
          StoreSystemTime   0x0012ce    program     extern F:\PIC_Projects\RTC_IN1307\rtc_driver.c
                 TMR0_ISR   0x001bac    program     extern F:\PIC_Projects\RTC_IN1307\timer.c
                TMR0_init   0x001d2e    program     extern F:\PIC_Projects\RTC_IN1307\timer.c
                 TMR1_ISR   0x001c74    program     extern F:\PIC_Projects\RTC_IN1307\timer.c
                TMR1_init   0x001d74    program     extern F:\PIC_Projects\RTC_IN1307\timer.c
  UpdateRealTimeClockTask   0x001548    program     extern F:\PIC_Projects\RTC_IN1307\rtc_driver.c
             WriteByteI2C   0x001b7a    program     extern F:\PIC_Projects\RTC_IN1307\i2c_driver.c
                 WriteI2C   0x001a06    program     extern F:\PIC_Projects\RTC_IN1307\i2c_driver.c
      WriteRtcTimeAndDate   0x000e08    program     extern F:\PIC_Projects\RTC_IN1307\rtc_driver.c
              WriteTimer0   0x002120    program     extern E:\c18v3.46\pic18-lt\cxx-framework\src\pmc_common\Timers\t0write.c
              WriteTimer1   0x0020e8    program     extern E:\c18v3.46\pic18-lt\cxx-framework\src\pmc_common\Timers\t1write.c
        _D10TCYXCODE_000A   0x002258    program     static E:\c18v3.46\pic18-lt\cxx-framework\src\traditional\delays\d10tcyx.asm
        _D10TCYXCODE_000C   0x00225a    program     static E:\c18v3.46\pic18-lt\cxx-framework\src\traditional\delays\d10tcyx.asm
        _D10TCYXCODE_000E   0x00225c    program     static E:\c18v3.46\pic18-lt\cxx-framework\src\traditional\delays\d10tcyx.asm
        _D1KTCYXCODE_0010   0x0021cc    program     static E:\c18v3.46\pic18-lt\cxx-framework\src\traditional\delays\d1ktcyx.asm
        _D1KTCYXCODE_0016   0x0021d2    program     static E:\c18v3.46\pic18-lt\cxx-framework\src\traditional\delays\d1ktcyx.asm
           ___if_lbl00001   0x000010    program     static                          
           ___if_lbl00002   0x000018    program     static                          
       ___return_lbl00000   0x000018    program     static                          
       ___return_lbl00000   0x002232    program     static                          
       ___return_lbl00000   0x0021ba    program     static                          
       ___return_lbl00000   0x002068    program     static                          
       ___return_lbl00000   0x000004    program     static                          
       ___return_lbl00001   0x002216    program     static                          
       ___return_lbl00002   0x001f3e    program     static                          
               __config_0   0x300001    program     static F:\PIC_Projects\RTC_IN1307\main.c
               __config_1   0x300002    program     static F:\PIC_Projects\RTC_IN1307\main.c
              __config_10   0x30000d    program     static F:\PIC_Projects\RTC_IN1307\main.c
               __config_2   0x300003    program     static F:\PIC_Projects\RTC_IN1307\main.c
               __config_3   0x300005    program     static F:\PIC_Projects\RTC_IN1307\main.c
               __config_4   0x300006    program     static F:\PIC_Projects\RTC_IN1307\main.c
               __config_5   0x300008    program     static F:\PIC_Projects\RTC_IN1307\main.c
               __config_6   0x300009    program     static F:\PIC_Projects\RTC_IN1307\main.c
               __config_7   0x30000a    program     static F:\PIC_Projects\RTC_IN1307\main.c
               __config_8   0x30000b    program     static F:\PIC_Projects\RTC_IN1307\main.c
               __config_9   0x30000c    program     static F:\PIC_Projects\RTC_IN1307\main.c
                   __init   0x000006    program     extern E:\c18v3.46\pic18-lt\cxx-framework\src\traditional\stdclib\__init.c
               __string_0   0x00201e    program     static F:\PIC_Projects\RTC_IN1307\rtc_driver.c
               __string_1   0x00201a    program     static F:\PIC_Projects\RTC_IN1307\rtc_driver.c
              __string_10   0x001ff6    program     static F:\PIC_Projects\RTC_IN1307\rtc_driver.c
              __string_11   0x001ff2    program     static F:\PIC_Projects\RTC_IN1307\rtc_driver.c
              __string_12   0x001fee    program     static F:\PIC_Projects\RTC_IN1307\rtc_driver.c
              __string_13   0x001fea    program     static F:\PIC_Projects\RTC_IN1307\rtc_driver.c
              __string_14   0x001fe6    program     static F:\PIC_Projects\RTC_IN1307\rtc_driver.c
              __string_15   0x001fe2    program     static F:\PIC_Projects\RTC_IN1307\rtc_driver.c
              __string_16   0x001fde    program     static F:\PIC_Projects\RTC_IN1307\rtc_driver.c
              __string_17   0x001fda    program     static F:\PIC_Projects\RTC_IN1307\rtc_driver.c
              __string_18   0x001fd6    program     static F:\PIC_Projects\RTC_IN1307\rtc_driver.c
               __string_2   0x002016    program     static F:\PIC_Projects\RTC_IN1307\rtc_driver.c
               __string_3   0x002012    program     static F:\PIC_Projects\RTC_IN1307\rtc_driver.c
               __string_4   0x00200e    program     static F:\PIC_Projects\RTC_IN1307\rtc_driver.c
               __string_5   0x00200a    program     static F:\PIC_Projects\RTC_IN1307\rtc_driver.c
               __string_6   0x002006    program     static F:\PIC_Projects\RTC_IN1307\rtc_driver.c
               __string_7   0x002002    program     static F:\PIC_Projects\RTC_IN1307\rtc_driver.c
               __string_8   0x001ffe    program     static F:\PIC_Projects\RTC_IN1307\rtc_driver.c
               __string_9   0x001ffa    program     static F:\PIC_Projects\RTC_IN1307\rtc_driver.c
            __zero_memory   0x0021dc    program     extern E:\c18v3.46\pic18-lt\cxx-framework\src\traditional\proc\p18f4620.asm
                _do_cinit   0x001ea2    program     extern E:\c18v3.46\pic18-lt\cxx-framework\src\traditional\startup\c018i.c
                   _entry   0x000000    program     extern E:\c18v3.46\pic18-lt\cxx-framework\src\traditional\startup\c018i.c
                   _false   0x002064    program     static                          
                 _startup   0x0021fc    program     extern E:\c18v3.46\pic18-lt\cxx-framework\src\traditional\startup\c018i.c
                compare_l   0x0021f2    program     static E:\c18v3.46\pic18-lt\cxx-framework\src\traditional\proc\p18f4620.asm
               conversion   0x001dfc    program     extern F:\PIC_Projects\RTC_IN1307\app.c
                copy_loop   0x001f14    program     static                          
            copy_one_byte   0x001f1a    program     static                          
                     done   0x001f3e    program     static                          
             done_copying   0x001f28    program     static                          
                  endloop   0x00222e    program     static                          
                  endloop   0x0021b6    program     static                          
           high_interrupt   0x000008    program     extern F:\PIC_Projects\RTC_IN1307\interruptvector.c
                     loop   0x00220c    program     static                          
                     loop   0x002030    program     static                          
                     loop   0x00219a    program     static                          
                     loop   0x002220    program     static                          
                   loop_h   0x0021ea    program     static E:\c18v3.46\pic18-lt\cxx-framework\src\traditional\proc\p18f4620.asm
                   loop_l   0x0021f4    program     static E:\c18v3.46\pic18-lt\cxx-framework\src\traditional\proc\p18f4620.asm
                     main   0x001f40    program     extern F:\PIC_Projects\RTC_IN1307\main.c
                     test   0x001ebc    program     static                          
                 validate   0x001922    program     static F:\PIC_Projects\RTC_IN1307\digitdisplay.c
       writeToDisplayPort   0x0018ee    program     static F:\PIC_Projects\RTC_IN1307\digitdisplay.c
               zero_block   0x0021ea    program     static E:\c18v3.46\pic18-lt\cxx-framework\src\traditional\proc\p18f4620.asm
                   ADCON0   0x000fc2       data     extern E:\c18v3.46\pic18-lt\cxx-framework\src\traditional\proc\p18f4620.asm
               ADCON0bits   0x000fc2       data     extern E:\c18v3.46\pic18-lt\cxx-framework\src\traditional\proc\p18f4620.asm
                   ADCON1   0x000fc1       data     extern E:\c18v3.46\pic18-lt\cxx-framework\src\traditional\proc\p18f4620.asm
               ADCON1bits   0x000fc1       data     extern E:\c18v3.46\pic18-lt\cxx-framework\src\traditional\proc\p18f4620.asm
                   ADCON2   0x000fc0       data     extern E:\c18v3.46\pic18-lt\cxx-framework\src\traditional\proc\p18f4620.asm
               ADCON2bits   0x000fc0       data     extern E:\c18v3.46\pic18-lt\cxx-framework\src\traditional\proc\p18f4620.asm
                    ADRES   0x000fc3       data     extern E:\c18v3.46\pic18-lt\cxx-framework\src\traditional\proc\p18f4620.asm
                   ADRESH   0x000fc4       data     extern E:\c18v3.46\pic18-lt\cxx-framework\src\traditional\proc\p18f4620.asm
                   ADRESL   0x000fc3       data     extern E:\c18v3.46\pic18-lt\cxx-framework\src\traditional\proc\p18f4620.asm
                  BAUDCON   0x000fb8       data     extern E:\c18v3.46\pic18-lt\cxx-framework\src\traditional\proc\p18f4620.asm
              BAUDCONbits   0x000fb8       data     extern E:\c18v3.46\pic18-lt\cxx-framework\src\traditional\proc\p18f4620.asm
                  BAUDCTL   0x000fb8       data     extern E:\c18v3.46\pic18-lt\cxx-framework\src\traditional\proc\p18f4620.asm
              BAUDCTLbits   0x000fb8       data     extern E:\c18v3.46\pic18-lt\cxx-framework\src\traditional\proc\p18f4620.asm
                      BSR   0x000fe0       data     extern E:\c18v3.46\pic18-lt\cxx-framework\src\traditional\proc\p18f4620.asm
                  CCP1CON   0x000fbd       data     extern E:\c18v3.46\pic18-lt\cxx-framework\src\traditional\proc\p18f4620.asm
              CCP1CONbits   0x000fbd       data     extern E:\c18v3.46\pic18-lt\cxx-framework\src\traditional\proc\p18f4620.asm
                  CCP2CON   0x000fba       data     extern E:\c18v3.46\pic18-lt\cxx-framework\src\traditional\proc\p18f4620.asm
              CCP2CONbits   0x000fba       data     extern E:\c18v3.46\pic18-lt\cxx-framework\src\traditional\proc\p18f4620.asm
                    CCPR1   0x000fbe       data     extern E:\c18v3.46\pic18-lt\cxx-framework\src\traditional\proc\p18f4620.asm
                   CCPR1H   0x000fbf       data     extern E:\c18v3.46\pic18-lt\cxx-framework\src\traditional\proc\p18f4620.asm
                   CCPR1L   0x000fbe       data     extern E:\c18v3.46\pic18-lt\cxx-framework\src\traditional\proc\p18f4620.asm
                    CCPR2   0x000fbb       data     extern E:\c18v3.46\pic18-lt\cxx-framework\src\traditional\proc\p18f4620.asm
                   CCPR2H   0x000fbc       data     extern E:\c18v3.46\pic18-lt\cxx-framework\src\traditional\proc\p18f4620.asm
                   CCPR2L   0x000fbb       data     extern E:\c18v3.46\pic18-lt\cxx-framework\src\traditional\proc\p18f4620.asm
                    CMCON   0x000fb4       data     extern E:\c18v3.46\pic18-lt\cxx-framework\src\traditional\proc\p18f4620.asm
                CMCONbits   0x000fb4       data     extern E:\c18v3.46\pic18-lt\cxx-framework\src\traditional\proc\p18f4620.asm
                   CVRCON   0x000fb5       data     extern E:\c18v3.46\pic18-lt\cxx-framework\src\traditional\proc\p18f4620.asm
               CVRCONbits   0x000fb5       data     extern E:\c18v3.46\pic18-lt\cxx-framework\src\traditional\proc\p18f4620.asm
                     DDRA   0x000f92       data     extern E:\c18v3.46\pic18-lt\cxx-framework\src\traditional\proc\p18f4620.asm
                 DDRAbits   0x000f92       data     extern E:\c18v3.46\pic18-lt\cxx-framework\src\traditional\proc\p18f4620.asm
                     DDRB   0x000f93       data     extern E:\c18v3.46\pic18-lt\cxx-framework\src\traditional\proc\p18f4620.asm
                 DDRBbits   0x000f93       data     extern E:\c18v3.46\pic18-lt\cxx-framework\src\traditional\proc\p18f4620.asm
                     DDRC   0x000f94       data     extern E:\c18v3.46\pic18-lt\cxx-framework\src\traditional\proc\p18f4620.asm
                 DDRCbits   0x000f94       data     extern E:\c18v3.46\pic18-lt\cxx-framework\src\traditional\proc\p18f4620.asm
                     DDRD   0x000f95       data     extern E:\c18v3.46\pic18-lt\cxx-framework\src\traditional\proc\p18f4620.asm
                 DDRDbits   0x000f95       data     extern E:\c18v3.46\pic18-lt\cxx-framework\src\traditional\proc\p18f4620.asm
                     DDRE   0x000f96       data     extern E:\c18v3.46\pic18-lt\cxx-framework\src\traditional\proc\p18f4620.asm
                 DDREbits   0x000f96       data     extern E:\c18v3.46\pic18-lt\cxx-framework\src\traditional\proc\p18f4620.asm
                   DayStr   0x000081       data     extern F:\PIC_Projects\RTC_IN1307\rtc_driver.c
            DelayCounter1   0x00001c       data     extern E:\c18v3.46\pic18-lt\cxx-framework\src\traditional\delays\delayd1.asm
                  ECCP1AS   0x000fb6       data     extern E:\c18v3.46\pic18-lt\cxx-framework\src\traditional\proc\p18f4620.asm
              ECCP1ASbits   0x000fb6       data     extern E:\c18v3.46\pic18-lt\cxx-framework\src\traditional\proc\p18f4620.asm
                    EEADR   0x000fa9       data     extern E:\c18v3.46\pic18-lt\cxx-framework\src\traditional\proc\p18f4620.asm
                   EEADRH   0x000faa       data     extern E:\c18v3.46\pic18-lt\cxx-framework\src\traditional\proc\p18f4620.asm
                   EECON1   0x000fa6       data     extern E:\c18v3.46\pic18-lt\cxx-framework\src\traditional\proc\p18f4620.asm
               EECON1bits   0x000fa6       data     extern E:\c18v3.46\pic18-lt\cxx-framework\src\traditional\proc\p18f4620.asm
                   EECON2   0x000fa7       data     extern E:\c18v3.46\pic18-lt\cxx-framework\src\traditional\proc\p18f4620.asm
                   EEDATA   0x000fa8       data     extern E:\c18v3.46\pic18-lt\cxx-framework\src\traditional\proc\p18f4620.asm
                     FSR0   0x000fe9       data     extern E:\c18v3.46\pic18-lt\cxx-framework\src\traditional\proc\p18f4620.asm
                    FSR0H   0x000fea       data     extern E:\c18v3.46\pic18-lt\cxx-framework\src\traditional\proc\p18f4620.asm
                    FSR0L   0x000fe9       data     extern E:\c18v3.46\pic18-lt\cxx-framework\src\traditional\proc\p18f4620.asm
                     FSR1   0x000fe1       data     extern E:\c18v3.46\pic18-lt\cxx-framework\src\traditional\proc\p18f4620.asm
                    FSR1H   0x000fe2       data     extern E:\c18v3.46\pic18-lt\cxx-framework\src\traditional\proc\p18f4620.asm
                    FSR1L   0x000fe1       data     extern E:\c18v3.46\pic18-lt\cxx-framework\src\traditional\proc\p18f4620.asm
                     FSR2   0x000fd9       data     extern E:\c18v3.46\pic18-lt\cxx-framework\src\traditional\proc\p18f4620.asm
                    FSR2H   0x000fda       data     extern E:\c18v3.46\pic18-lt\cxx-framework\src\traditional\proc\p18f4620.asm
                    FSR2L   0x000fd9       data     extern E:\c18v3.46\pic18-lt\cxx-framework\src\traditional\proc\p18f4620.asm
                  HLVDCON   0x000fd2       data     extern E:\c18v3.46\pic18-lt\cxx-framework\src\traditional\proc\p18f4620.asm
              HLVDCONbits   0x000fd2       data     extern E:\c18v3.46\pic18-lt\cxx-framework\src\traditional\proc\p18f4620.asm
                    INDF0   0x000fef       data     extern E:\c18v3.46\pic18-lt\cxx-framework\src\traditional\proc\p18f4620.asm
                    INDF1   0x000fe7       data     extern E:\c18v3.46\pic18-lt\cxx-framework\src\traditional\proc\p18f4620.asm
                    INDF2   0x000fdf       data     extern E:\c18v3.46\pic18-lt\cxx-framework\src\traditional\proc\p18f4620.asm
                   INTCON   0x000ff2       data     extern E:\c18v3.46\pic18-lt\cxx-framework\src\traditional\proc\p18f4620.asm
                  INTCON2   0x000ff1       data     extern E:\c18v3.46\pic18-lt\cxx-framework\src\traditional\proc\p18f4620.asm
              INTCON2bits   0x000ff1       data     extern E:\c18v3.46\pic18-lt\cxx-framework\src\traditional\proc\p18f4620.asm
                  INTCON3   0x000ff0       data     extern E:\c18v3.46\pic18-lt\cxx-framework\src\traditional\proc\p18f4620.asm
              INTCON3bits   0x000ff0       data     extern E:\c18v3.46\pic18-lt\cxx-framework\src\traditional\proc\p18f4620.asm
               INTCONbits   0x000ff2       data     extern E:\c18v3.46\pic18-lt\cxx-framework\src\traditional\proc\p18f4620.asm
                     IPR1   0x000f9f       data     extern E:\c18v3.46\pic18-lt\cxx-framework\src\traditional\proc\p18f4620.asm
                 IPR1bits   0x000f9f       data     extern E:\c18v3.46\pic18-lt\cxx-framework\src\traditional\proc\p18f4620.asm
                     IPR2   0x000fa2       data     extern E:\c18v3.46\pic18-lt\cxx-framework\src\traditional\proc\p18f4620.asm
                 IPR2bits   0x000fa2       data     extern E:\c18v3.46\pic18-lt\cxx-framework\src\traditional\proc\p18f4620.asm
                     LATA   0x000f89       data     extern E:\c18v3.46\pic18-lt\cxx-framework\src\traditional\proc\p18f4620.asm
                 LATAbits   0x000f89       data     extern E:\c18v3.46\pic18-lt\cxx-framework\src\traditional\proc\p18f4620.asm
                     LATB   0x000f8a       data     extern E:\c18v3.46\pic18-lt\cxx-framework\src\traditional\proc\p18f4620.asm
                 LATBbits   0x000f8a       data     extern E:\c18v3.46\pic18-lt\cxx-framework\src\traditional\proc\p18f4620.asm
                     LATC   0x000f8b       data     extern E:\c18v3.46\pic18-lt\cxx-framework\src\traditional\proc\p18f4620.asm
                 LATCbits   0x000f8b       data     extern E:\c18v3.46\pic18-lt\cxx-framework\src\traditional\proc\p18f4620.asm
                     LATD   0x000f8c       data     extern E:\c18v3.46\pic18-lt\cxx-framework\src\traditional\proc\p18f4620.asm
                 LATDbits   0x000f8c       data     extern E:\c18v3.46\pic18-lt\cxx-framework\src\traditional\proc\p18f4620.asm
                     LATE   0x000f8d       data     extern E:\c18v3.46\pic18-lt\cxx-framework\src\traditional\proc\p18f4620.asm
                 LATEbits   0x000f8d       data     extern E:\c18v3.46\pic18-lt\cxx-framework\src\traditional\proc\p18f4620.asm
                  LED_MAP   0x0000c7       data     extern F:\PIC_Projects\RTC_IN1307\main.c
                   LVDCON   0x000fd2       data     extern E:\c18v3.46\pic18-lt\cxx-framework\src\traditional\proc\p18f4620.asm
               LVDCONbits   0x000fd2       data     extern E:\c18v3.46\pic18-lt\cxx-framework\src\traditional\proc\p18f4620.asm
                 MonthStr   0x00008f       data     extern F:\PIC_Projects\RTC_IN1307\rtc_driver.c
                   OSCCON   0x000fd3       data     extern E:\c18v3.46\pic18-lt\cxx-framework\src\traditional\proc\p18f4620.asm
               OSCCONbits   0x000fd3       data     extern E:\c18v3.46\pic18-lt\cxx-framework\src\traditional\proc\p18f4620.asm
                  OSCTUNE   0x000f9b       data     extern E:\c18v3.46\pic18-lt\cxx-framework\src\traditional\proc\p18f4620.asm
              OSCTUNEbits   0x000f9b       data     extern E:\c18v3.46\pic18-lt\cxx-framework\src\traditional\proc\p18f4620.asm
                       PC   0x000ff9       data     extern E:\c18v3.46\pic18-lt\cxx-framework\src\traditional\proc\p18f4620.asm
                      PCL   0x000ff9       data     extern E:\c18v3.46\pic18-lt\cxx-framework\src\traditional\proc\p18f4620.asm
                   PCLATH   0x000ffa       data     extern E:\c18v3.46\pic18-lt\cxx-framework\src\traditional\proc\p18f4620.asm
                   PCLATU   0x000ffb       data     extern E:\c18v3.46\pic18-lt\cxx-framework\src\traditional\proc\p18f4620.asm
                     PIE1   0x000f9d       data     extern E:\c18v3.46\pic18-lt\cxx-framework\src\traditional\proc\p18f4620.asm
                 PIE1bits   0x000f9d       data     extern E:\c18v3.46\pic18-lt\cxx-framework\src\traditional\proc\p18f4620.asm
                     PIE2   0x000fa0       data     extern E:\c18v3.46\pic18-lt\cxx-framework\src\traditional\proc\p18f4620.asm
                 PIE2bits   0x000fa0       data     extern E:\c18v3.46\pic18-lt\cxx-framework\src\traditional\proc\p18f4620.asm
                     PIR1   0x000f9e       data     extern E:\c18v3.46\pic18-lt\cxx-framework\src\traditional\proc\p18f4620.asm
                 PIR1bits   0x000f9e       data     extern E:\c18v3.46\pic18-lt\cxx-framework\src\traditional\proc\p18f4620.asm
                     PIR2   0x000fa1       data     extern E:\c18v3.46\pic18-lt\cxx-framework\src\traditional\proc\p18f4620.asm
                 PIR2bits   0x000fa1       data     extern E:\c18v3.46\pic18-lt\cxx-framework\src\traditional\proc\p18f4620.asm
                   PLUSW0   0x000feb       data     extern E:\c18v3.46\pic18-lt\cxx-framework\src\traditional\proc\p18f4620.asm
                   PLUSW1   0x000fe3       data     extern E:\c18v3.46\pic18-lt\cxx-framework\src\traditional\proc\p18f4620.asm
                   PLUSW2   0x000fdb       data     extern E:\c18v3.46\pic18-lt\cxx-framework\src\traditional\proc\p18f4620.asm
                    PORTA   0x000f80       data     extern E:\c18v3.46\pic18-lt\cxx-framework\src\traditional\proc\p18f4620.asm
                PORTAbits   0x000f80       data     extern E:\c18v3.46\pic18-lt\cxx-framework\src\traditional\proc\p18f4620.asm
                    PORTB   0x000f81       data     extern E:\c18v3.46\pic18-lt\cxx-framework\src\traditional\proc\p18f4620.asm
                PORTBbits   0x000f81       data     extern E:\c18v3.46\pic18-lt\cxx-framework\src\traditional\proc\p18f4620.asm
                    PORTC   0x000f82       data     extern E:\c18v3.46\pic18-lt\cxx-framework\src\traditional\proc\p18f4620.asm
                PORTCbits   0x000f82       data     extern E:\c18v3.46\pic18-lt\cxx-framework\src\traditional\proc\p18f4620.asm
                    PORTD   0x000f83       data     extern E:\c18v3.46\pic18-lt\cxx-framework\src\traditional\proc\p18f4620.asm
                PORTDbits   0x000f83       data     extern E:\c18v3.46\pic18-lt\cxx-framework\src\traditional\proc\p18f4620.asm
                    PORTE   0x000f84       data     extern E:\c18v3.46\pic18-lt\cxx-framework\src\traditional\proc\p18f4620.asm
                PORTEbits   0x000f84       data     extern E:\c18v3.46\pic18-lt\cxx-framework\src\traditional\proc\p18f4620.asm
                 POSTDEC0   0x000fed       data     extern E:\c18v3.46\pic18-lt\cxx-framework\src\traditional\proc\p18f4620.asm
                 POSTDEC1   0x000fe5       data     extern E:\c18v3.46\pic18-lt\cxx-framework\src\traditional\proc\p18f4620.asm
                 POSTDEC2   0x000fdd       data     extern E:\c18v3.46\pic18-lt\cxx-framework\src\traditional\proc\p18f4620.asm
                 POSTINC0   0x000fee       data     extern E:\c18v3.46\pic18-lt\cxx-framework\src\traditional\proc\p18f4620.asm
                 POSTINC1   0x000fe6       data     extern E:\c18v3.46\pic18-lt\cxx-framework\src\traditional\proc\p18f4620.asm
                 POSTINC2   0x000fde       data     extern E:\c18v3.46\pic18-lt\cxx-framework\src\traditional\proc\p18f4620.asm
                      PR2   0x000fcb       data     extern E:\c18v3.46\pic18-lt\cxx-framework\src\traditional\proc\p18f4620.asm
                  PREINC0   0x000fec       data     extern E:\c18v3.46\pic18-lt\cxx-framework\src\traditional\proc\p18f4620.asm
                  PREINC1   0x000fe4       data     extern E:\c18v3.46\pic18-lt\cxx-framework\src\traditional\proc\p18f4620.asm
                  PREINC2   0x000fdc       data     extern E:\c18v3.46\pic18-lt\cxx-framework\src\traditional\proc\p18f4620.asm
                     PROD   0x000ff3       data     extern E:\c18v3.46\pic18-lt\cxx-framework\src\traditional\proc\p18f4620.asm
                    PRODH   0x000ff4       data     extern E:\c18v3.46\pic18-lt\cxx-framework\src\traditional\proc\p18f4620.asm
                    PRODL   0x000ff3       data     extern E:\c18v3.46\pic18-lt\cxx-framework\src\traditional\proc\p18f4620.asm
                  PWM1CON   0x000fb7       data     extern E:\c18v3.46\pic18-lt\cxx-framework\src\traditional\proc\p18f4620.asm
              PWM1CONbits   0x000fb7       data     extern E:\c18v3.46\pic18-lt\cxx-framework\src\traditional\proc\p18f4620.asm
                     RCON   0x000fd0       data     extern E:\c18v3.46\pic18-lt\cxx-framework\src\traditional\proc\p18f4620.asm
                 RCONbits   0x000fd0       data     extern E:\c18v3.46\pic18-lt\cxx-framework\src\traditional\proc\p18f4620.asm
                    RCREG   0x000fae       data     extern E:\c18v3.46\pic18-lt\cxx-framework\src\traditional\proc\p18f4620.asm
                    RCSTA   0x000fab       data     extern E:\c18v3.46\pic18-lt\cxx-framework\src\traditional\proc\p18f4620.asm
                RCSTAbits   0x000fab       data     extern E:\c18v3.46\pic18-lt\cxx-framework\src\traditional\proc\p18f4620.asm
             RegistersRTC   0x0000d2       data     extern F:\PIC_Projects\RTC_IN1307\rtc_driver.c
             SEVENSEGMENT   0x0000f0       data     static F:\PIC_Projects\RTC_IN1307\digitdisplay.c
                     SIGN   0x000000       data     extern E:\c18v3.46\pic18-lt\cxx-framework\src\traditional\math\cmath18.asm
                    SPBRG   0x000faf       data     extern E:\c18v3.46\pic18-lt\cxx-framework\src\traditional\proc\p18f4620.asm
                   SPBRGH   0x000fb0       data     extern E:\c18v3.46\pic18-lt\cxx-framework\src\traditional\proc\p18f4620.asm
                   SSPADD   0x000fc8       data     extern E:\c18v3.46\pic18-lt\cxx-framework\src\traditional\proc\p18f4620.asm
                   SSPBUF   0x000fc9       data     extern E:\c18v3.46\pic18-lt\cxx-framework\src\traditional\proc\p18f4620.asm
                  SSPCON1   0x000fc6       data     extern E:\c18v3.46\pic18-lt\cxx-framework\src\traditional\proc\p18f4620.asm
              SSPCON1bits   0x000fc6       data     extern E:\c18v3.46\pic18-lt\cxx-framework\src\traditional\proc\p18f4620.asm
                  SSPCON2   0x000fc5       data     extern E:\c18v3.46\pic18-lt\cxx-framework\src\traditional\proc\p18f4620.asm
              SSPCON2bits   0x000fc5       data     extern E:\c18v3.46\pic18-lt\cxx-framework\src\traditional\proc\p18f4620.asm
                  SSPSTAT   0x000fc7       data     extern E:\c18v3.46\pic18-lt\cxx-framework\src\traditional\proc\p18f4620.asm
              SSPSTATbits   0x000fc7       data     extern E:\c18v3.46\pic18-lt\cxx-framework\src\traditional\proc\p18f4620.asm
                   STATUS   0x000fd8       data     extern E:\c18v3.46\pic18-lt\cxx-framework\src\traditional\proc\p18f4620.asm
               STATUSbits   0x000fd8       data     extern E:\c18v3.46\pic18-lt\cxx-framework\src\traditional\proc\p18f4620.asm
                   STKPTR   0x000ffc       data     extern E:\c18v3.46\pic18-lt\cxx-framework\src\traditional\proc\p18f4620.asm
               STKPTRbits   0x000ffc       data     extern E:\c18v3.46\pic18-lt\cxx-framework\src\traditional\proc\p18f4620.asm
                    T0CON   0x000fd5       data     extern E:\c18v3.46\pic18-lt\cxx-framework\src\traditional\proc\p18f4620.asm
                T0CONbits   0x000fd5       data     extern E:\c18v3.46\pic18-lt\cxx-framework\src\traditional\proc\p18f4620.asm
                    T1CON   0x000fcd       data     extern E:\c18v3.46\pic18-lt\cxx-framework\src\traditional\proc\p18f4620.asm
                T1CONbits   0x000fcd       data     extern E:\c18v3.46\pic18-lt\cxx-framework\src\traditional\proc\p18f4620.asm
                    T2CON   0x000fca       data     extern E:\c18v3.46\pic18-lt\cxx-framework\src\traditional\proc\p18f4620.asm
                T2CONbits   0x000fca       data     extern E:\c18v3.46\pic18-lt\cxx-framework\src\traditional\proc\p18f4620.asm
                    T3CON   0x000fb1       data     extern E:\c18v3.46\pic18-lt\cxx-framework\src\traditional\proc\p18f4620.asm
                T3CONbits   0x000fb1       data     extern E:\c18v3.46\pic18-lt\cxx-framework\src\traditional\proc\p18f4620.asm
                   TABLAT   0x000ff5       data     extern E:\c18v3.46\pic18-lt\cxx-framework\src\traditional\proc\p18f4620.asm
                   TBLPTR   0x000ff6       data     extern E:\c18v3.46\pic18-lt\cxx-framework\src\traditional\proc\p18f4620.asm
                  TBLPTRH   0x000ff7       data     extern E:\c18v3.46\pic18-lt\cxx-framework\src\traditional\proc\p18f4620.asm
                  TBLPTRL   0x000ff6       data     extern E:\c18v3.46\pic18-lt\cxx-framework\src\traditional\proc\p18f4620.asm
                  TBLPTRU   0x000ff8       data     extern E:\c18v3.46\pic18-lt\cxx-framework\src\traditional\proc\p18f4620.asm
                    TMR0H   0x000fd7       data     extern E:\c18v3.46\pic18-lt\cxx-framework\src\traditional\proc\p18f4620.asm
                    TMR0L   0x000fd6       data     extern E:\c18v3.46\pic18-lt\cxx-framework\src\traditional\proc\p18f4620.asm
                    TMR1H   0x000fcf       data     extern E:\c18v3.46\pic18-lt\cxx-framework\src\traditional\proc\p18f4620.asm
                    TMR1L   0x000fce       data     extern E:\c18v3.46\pic18-lt\cxx-framework\src\traditional\proc\p18f4620.asm
                     TMR2   0x000fcc       data     extern E:\c18v3.46\pic18-lt\cxx-framework\src\traditional\proc\p18f4620.asm
                    TMR3H   0x000fb3       data     extern E:\c18v3.46\pic18-lt\cxx-framework\src\traditional\proc\p18f4620.asm
                    TMR3L   0x000fb2       data     extern E:\c18v3.46\pic18-lt\cxx-framework\src\traditional\proc\p18f4620.asm
                      TOS   0x000ffd       data     extern E:\c18v3.46\pic18-lt\cxx-framework\src\traditional\proc\p18f4620.asm
                     TOSH   0x000ffe       data     extern E:\c18v3.46\pic18-lt\cxx-framework\src\traditional\proc\p18f4620.asm
                     TOSL   0x000ffd       data     extern E:\c18v3.46\pic18-lt\cxx-framework\src\traditional\proc\p18f4620.asm
                     TOSU   0x000fff       data     extern E:\c18v3.46\pic18-lt\cxx-framework\src\traditional\proc\p18f4620.asm
                    TRISA   0x000f92       data     extern E:\c18v3.46\pic18-lt\cxx-framework\src\traditional\proc\p18f4620.asm
                TRISAbits   0x000f92       data     extern E:\c18v3.46\pic18-lt\cxx-framework\src\traditional\proc\p18f4620.asm
                    TRISB   0x000f93       data     extern E:\c18v3.46\pic18-lt\cxx-framework\src\traditional\proc\p18f4620.asm
                TRISBbits   0x000f93       data     extern E:\c18v3.46\pic18-lt\cxx-framework\src\traditional\proc\p18f4620.asm
                    TRISC   0x000f94       data     extern E:\c18v3.46\pic18-lt\cxx-framework\src\traditional\proc\p18f4620.asm
                TRISCbits   0x000f94       data     extern E:\c18v3.46\pic18-lt\cxx-framework\src\traditional\proc\p18f4620.asm
                    TRISD   0x000f95       data     extern E:\c18v3.46\pic18-lt\cxx-framework\src\traditional\proc\p18f4620.asm
                TRISDbits   0x000f95       data     extern E:\c18v3.46\pic18-lt\cxx-framework\src\traditional\proc\p18f4620.asm
                    TRISE   0x000f96       data     extern E:\c18v3.46\pic18-lt\cxx-framework\src\traditional\proc\p18f4620.asm
                TRISEbits   0x000f96       data     extern E:\c18v3.46\pic18-lt\cxx-framework\src\traditional\proc\p18f4620.asm
                    TXREG   0x000fad       data     extern E:\c18v3.46\pic18-lt\cxx-framework\src\traditional\proc\p18f4620.asm
                    TXSTA   0x000fac       data     extern E:\c18v3.46\pic18-lt\cxx-framework\src\traditional\proc\p18f4620.asm
                TXSTAbits   0x000fac       data     extern E:\c18v3.46\pic18-lt\cxx-framework\src\traditional\proc\p18f4620.asm
            TimeClockMode   0x0000e1       data     extern F:\PIC_Projects\RTC_IN1307\rtc_driver.c
  TimeClockUpdateRequired   0x000080       data     extern F:\PIC_Projects\RTC_IN1307\rtc_driver.c
                        W   0x000fe8       data     extern E:\c18v3.46\pic18-lt\cxx-framework\src\traditional\proc\p18f4620.asm
                   WDTCON   0x000fd1       data     extern E:\c18v3.46\pic18-lt\cxx-framework\src\traditional\proc\p18f4620.asm
               WDTCONbits   0x000fd1       data     extern E:\c18v3.46\pic18-lt\cxx-framework\src\traditional\proc\p18f4620.asm
                     WREG   0x000fe8       data     extern E:\c18v3.46\pic18-lt\cxx-framework\src\traditional\proc\p18f4620.asm
                 __AARGB0   0x000009       data     extern E:\c18v3.46\pic18-lt\cxx-framework\src\traditional\math\aarg.asm
                 __AARGB1   0x000008       data     extern E:\c18v3.46\pic18-lt\cxx-framework\src\traditional\math\aarg.asm
                 __AARGB2   0x000007       data     extern E:\c18v3.46\pic18-lt\cxx-framework\src\traditional\math\aarg.asm
                 __AARGB3   0x000006       data     extern E:\c18v3.46\pic18-lt\cxx-framework\src\traditional\math\aarg.asm
                 __AARGB4   0x000005       data     extern E:\c18v3.46\pic18-lt\cxx-framework\src\traditional\math\aarg.asm
                 __AARGB5   0x000004       data     extern E:\c18v3.46\pic18-lt\cxx-framework\src\traditional\math\aarg.asm
                 __AARGB6   0x000003       data     extern E:\c18v3.46\pic18-lt\cxx-framework\src\traditional\math\aarg.asm
                 __AARGB7   0x000002       data     extern E:\c18v3.46\pic18-lt\cxx-framework\src\traditional\math\aarg.asm
                   __AEXP   0x00000a       data     extern E:\c18v3.46\pic18-lt\cxx-framework\src\traditional\math\aarg.asm
                 __BARGB0   0x00000e       data     extern E:\c18v3.46\pic18-lt\cxx-framework\src\traditional\math\barg.asm
                 __BARGB1   0x00000d       data     extern E:\c18v3.46\pic18-lt\cxx-framework\src\traditional\math\barg.asm
                 __BARGB2   0x00000c       data     extern E:\c18v3.46\pic18-lt\cxx-framework\src\traditional\math\barg.asm
                 __BARGB3   0x00000b       data     extern E:\c18v3.46\pic18-lt\cxx-framework\src\traditional\math\barg.asm
                   __BEXP   0x00000f       data     extern E:\c18v3.46\pic18-lt\cxx-framework\src\traditional\math\barg.asm
                __FPFLAGS   0x000001       data     extern E:\c18v3.46\pic18-lt\cxx-framework\src\traditional\math\cmath18.asm
            __FPFLAGSbits   0x000001       data     extern E:\c18v3.46\pic18-lt\cxx-framework\src\traditional\math\cmath18.asm
                  __REMB0   0x000005       data     extern E:\c18v3.46\pic18-lt\cxx-framework\src\traditional\math\aarg.asm
                  __REMB1   0x000004       data     extern E:\c18v3.46\pic18-lt\cxx-framework\src\traditional\math\aarg.asm
                  __REMB2   0x000003       data     extern E:\c18v3.46\pic18-lt\cxx-framework\src\traditional\math\aarg.asm
                  __REMB3   0x000002       data     extern E:\c18v3.46\pic18-lt\cxx-framework\src\traditional\math\aarg.asm
                   __TEMP   0x000013       data     extern E:\c18v3.46\pic18-lt\cxx-framework\src\traditional\math\temparg.asm
                 __TEMPB0   0x000013       data     extern E:\c18v3.46\pic18-lt\cxx-framework\src\traditional\math\temparg.asm
                 __TEMPB1   0x000012       data     extern E:\c18v3.46\pic18-lt\cxx-framework\src\traditional\math\temparg.asm
                 __TEMPB2   0x000011       data     extern E:\c18v3.46\pic18-lt\cxx-framework\src\traditional\math\temparg.asm
                 __TEMPB3   0x000010       data     extern E:\c18v3.46\pic18-lt\cxx-framework\src\traditional\math\temparg.asm
                  __tmp_0   0x000014       data     static F:\PIC_Projects\RTC_IN1307\digitdisplay.c
                  __tmp_0   0x000014       data     static F:\PIC_Projects\MMD_TXDISP_Firmware\math_fun.c
                  __tmp_0   0x000014       data     static F:\PIC_Projects\RTC_IN1307\rtc_driver.c
                  __tmp_0   0x000014       data     static F:\PIC_Projects\RTC_IN1307\i2c_driver.c
                  __tmp_0   0x000014       data     static F:\PIC_Projects\RTC_IN1307\app.c
           comUpdateCount   0x0000ee       data     extern F:\PIC_Projects\RTC_IN1307\timer.c
                curr_byte   0x000f03       data     static E:\c18v3.46\pic18-lt\cxx-framework\src\traditional\startup\c018i.c
               curr_entry   0x000f05       data     static E:\c18v3.46\pic18-lt\cxx-framework\src\traditional\startup\c018i.c
                 data_ptr   0x000f07       data     static E:\c18v3.46\pic18-lt\cxx-framework\src\traditional\startup\c018i.c
             digitDisplay   0x000500       data     extern F:\PIC_Projects\RTC_IN1307\digitdisplay.c
            displayBuffer   0x0000a8       data     extern F:\PIC_Projects\RTC_IN1307\app.c
           heartBeatCount   0x0000ea       data     extern F:\PIC_Projects\RTC_IN1307\timer.c
       keypadUpdate_count   0x0000ec       data     extern F:\PIC_Projects\RTC_IN1307\timer.c
                 ledState   0x0000fc       data     extern F:\PIC_Projects\RTC_IN1307\heartBeat.c
                 ledState   0x0000fb       data     static F:\PIC_Projects\RTC_IN1307\board.c
                  message   0x0000be       data     extern F:\PIC_Projects\RTC_IN1307\main.c
                  prevSec   0x0000a7       data     static F:\PIC_Projects\RTC_IN1307\rtc_driver.c
                     prom   0x000f00       data     static E:\c18v3.46\pic18-lt\cxx-framework\src\traditional\startup\c018i.c
       readTimeDateBuffer   0x0000b0       data     extern F:\PIC_Projects\RTC_IN1307\app.c
                stRtcRegs   0x0000d9       data     extern F:\PIC_Projects\RTC_IN1307\rtc_driver.c
                      tmr   0x0000e2       data     extern F:\PIC_Projects\RTC_IN1307\timer.c
      writeTimeDateBuffer   0x0000b7       data     extern F:\PIC_Projects\RTC_IN1307\app.c



                              Symbols - Sorted by Address
                     Name    Address   Location    Storage File                     
                ---------  ---------  ---------  --------- ---------                
                   _entry   0x000000    program     extern E:\c18v3.46\pic18-lt\cxx-framework\src\traditional\startup\c018i.c
       ___return_lbl00000   0x000004    program     static                          
                   __init   0x000006    program     extern E:\c18v3.46\pic18-lt\cxx-framework\src\traditional\stdclib\__init.c
           high_interrupt   0x000008    program     extern F:\PIC_Projects\RTC_IN1307\interruptvector.c
           ___if_lbl00001   0x000010    program     static                          
           ___if_lbl00002   0x000018    program     static                          
       ___return_lbl00000   0x000018    program     static                          
         EnableInterrupts   0x00001a    program     extern F:\PIC_Projects\RTC_IN1307\interruptvector.c
           ConvertBCD2HEX   0x000076    program     extern F:\PIC_Projects\MMD_TXDISP_Firmware\math_fun.c
                  BCD2HEX   0x000104    program     extern F:\PIC_Projects\MMD_TXDISP_Firmware\math_fun.c
                  HEX2BCD   0x00013e    program     extern F:\PIC_Projects\MMD_TXDISP_Firmware\math_fun.c
ConvertAndDisplay16BitValue   0x0001a2    program     extern F:\PIC_Projects\MMD_TXDISP_Firmware\math_fun.c
ConvertAndDisplay8BitValue   0x000432    program     extern F:\PIC_Projects\MMD_TXDISP_Firmware\math_fun.c
ConvertAndDisplay32BitValue   0x00056e    program     extern F:\PIC_Projects\MMD_TXDISP_Firmware\math_fun.c
                 BCDtoBin   0x000ab0    program     extern F:\PIC_Projects\MMD_TXDISP_Firmware\math_fun.c
                 BinToBCD   0x000ade    program     extern F:\PIC_Projects\MMD_TXDISP_Firmware\math_fun.c
ConvertUnPackedAsciiToPacked16BitHexValue   0x000b24    program     extern F:\PIC_Projects\MMD_TXDISP_Firmware\math_fun.c
                  Int2Day   0x000c3a    program     extern F:\PIC_Projects\RTC_IN1307\rtc_driver.c
                Int2Month   0x000c72    program     extern F:\PIC_Projects\RTC_IN1307\rtc_driver.c
       ReadRtcTimeAndDate   0x000cb8    program     extern F:\PIC_Projects\RTC_IN1307\rtc_driver.c
      WriteRtcTimeAndDate   0x000e08    program     extern F:\PIC_Projects\RTC_IN1307\rtc_driver.c
              SetHourMode   0x000f14    program     extern F:\PIC_Projects\RTC_IN1307\rtc_driver.c
  ConvertTime24to12Format   0x000f7e    program     extern F:\PIC_Projects\RTC_IN1307\rtc_driver.c
  ConvertTime12to24Format   0x00110e    program     extern F:\PIC_Projects\RTC_IN1307\rtc_driver.c
  ConvertHour12to24Format   0x001268    program     extern F:\PIC_Projects\RTC_IN1307\rtc_driver.c
          StoreSystemTime   0x0012ce    program     extern F:\PIC_Projects\RTC_IN1307\rtc_driver.c
          StoreSystemDate   0x0013c4    program     extern F:\PIC_Projects\RTC_IN1307\rtc_driver.c
           StoreSystemDay   0x0014bc    program     extern F:\PIC_Projects\RTC_IN1307\rtc_driver.c
            InitializeRtc   0x0014f4    program     extern F:\PIC_Projects\RTC_IN1307\rtc_driver.c
  UpdateRealTimeClockTask   0x001548    program     extern F:\PIC_Projects\RTC_IN1307\rtc_driver.c
        DigitDisplay_init   0x00156e    program     extern F:\PIC_Projects\RTC_IN1307\digitdisplay.c
        DigitDisplay_task   0x00166a    program     extern F:\PIC_Projects\RTC_IN1307\digitdisplay.c
DigitDisplay_updateBuffer   0x0016f0    program     extern F:\PIC_Projects\RTC_IN1307\digitdisplay.c
DigitDisplay_updateBufferBinary   0x0017ba    program     extern F:\PIC_Projects\RTC_IN1307\digitdisplay.c
 DigitDisplay_updateDigit   0x00180e    program     extern F:\PIC_Projects\RTC_IN1307\digitdisplay.c
     DigitDisplay_blinkOn   0x001892    program     extern F:\PIC_Projects\RTC_IN1307\digitdisplay.c
    DigitDisplay_blinkOff   0x0018ac    program     extern F:\PIC_Projects\RTC_IN1307\digitdisplay.c
       DigitDisplay_clear   0x0018ba    program     extern F:\PIC_Projects\RTC_IN1307\digitdisplay.c
       writeToDisplayPort   0x0018ee    program     static F:\PIC_Projects\RTC_IN1307\digitdisplay.c
                 validate   0x001922    program     static F:\PIC_Projects\RTC_IN1307\digitdisplay.c
            InitializeI2C   0x001966    program     extern F:\PIC_Projects\RTC_IN1307\i2c_driver.c
                 StartI2C   0x00197e    program     extern F:\PIC_Projects\RTC_IN1307\i2c_driver.c
                  StopI2C   0x0019aa    program     extern F:\PIC_Projects\RTC_IN1307\i2c_driver.c
                 ResetI2C   0x0019ca    program     extern F:\PIC_Projects\RTC_IN1307\i2c_driver.c
                 WriteI2C   0x001a06    program     extern F:\PIC_Projects\RTC_IN1307\i2c_driver.c
                  ReadI2C   0x001a94    program     extern F:\PIC_Projects\RTC_IN1307\i2c_driver.c
              ReadByteI2C   0x001b36    program     extern F:\PIC_Projects\RTC_IN1307\i2c_driver.c
             WriteByteI2C   0x001b7a    program     extern F:\PIC_Projects\RTC_IN1307\i2c_driver.c
                 TMR0_ISR   0x001bac    program     extern F:\PIC_Projects\RTC_IN1307\timer.c
                 TMR1_ISR   0x001c74    program     extern F:\PIC_Projects\RTC_IN1307\timer.c
                TMR0_init   0x001d2e    program     extern F:\PIC_Projects\RTC_IN1307\timer.c
                TMR1_init   0x001d74    program     extern F:\PIC_Projects\RTC_IN1307\timer.c
                 APP_init   0x001dbc    program     extern F:\PIC_Projects\RTC_IN1307\app.c
                 APP_task   0x001de6    program     extern F:\PIC_Projects\RTC_IN1307\app.c
               conversion   0x001dfc    program     extern F:\PIC_Projects\RTC_IN1307\app.c
          APP_comCallBack   0x001e50    program     extern F:\PIC_Projects\RTC_IN1307\app.c
                _do_cinit   0x001ea2    program     extern E:\c18v3.46\pic18-lt\cxx-framework\src\traditional\startup\c018i.c
                     test   0x001ebc    program     static                          
                copy_loop   0x001f14    program     static                          
            copy_one_byte   0x001f1a    program     static                          
             done_copying   0x001f28    program     static                          
       ___return_lbl00002   0x001f3e    program     static                          
                     done   0x001f3e    program     static                          
                     main   0x001f40    program     extern F:\PIC_Projects\RTC_IN1307\main.c
              __string_18   0x001fd6    program     static F:\PIC_Projects\RTC_IN1307\rtc_driver.c
              __string_17   0x001fda    program     static F:\PIC_Projects\RTC_IN1307\rtc_driver.c
              __string_16   0x001fde    program     static F:\PIC_Projects\RTC_IN1307\rtc_driver.c
              __string_15   0x001fe2    program     static F:\PIC_Projects\RTC_IN1307\rtc_driver.c
              __string_14   0x001fe6    program     static F:\PIC_Projects\RTC_IN1307\rtc_driver.c
              __string_13   0x001fea    program     static F:\PIC_Projects\RTC_IN1307\rtc_driver.c
              __string_12   0x001fee    program     static F:\PIC_Projects\RTC_IN1307\rtc_driver.c
              __string_11   0x001ff2    program     static F:\PIC_Projects\RTC_IN1307\rtc_driver.c
              __string_10   0x001ff6    program     static F:\PIC_Projects\RTC_IN1307\rtc_driver.c
               __string_9   0x001ffa    program     static F:\PIC_Projects\RTC_IN1307\rtc_driver.c
               __string_8   0x001ffe    program     static F:\PIC_Projects\RTC_IN1307\rtc_driver.c
               __string_7   0x002002    program     static F:\PIC_Projects\RTC_IN1307\rtc_driver.c
               __string_6   0x002006    program     static F:\PIC_Projects\RTC_IN1307\rtc_driver.c
               __string_5   0x00200a    program     static F:\PIC_Projects\RTC_IN1307\rtc_driver.c
               __string_4   0x00200e    program     static F:\PIC_Projects\RTC_IN1307\rtc_driver.c
               __string_3   0x002012    program     static F:\PIC_Projects\RTC_IN1307\rtc_driver.c
               __string_2   0x002016    program     static F:\PIC_Projects\RTC_IN1307\rtc_driver.c
               __string_1   0x00201a    program     static F:\PIC_Projects\RTC_IN1307\rtc_driver.c
               __string_0   0x00201e    program     static F:\PIC_Projects\RTC_IN1307\rtc_driver.c
                 FXD3232U   0x002022    program     extern E:\c18v3.46\pic18-lt\cxx-framework\src\traditional\math\fxd3232u.c
                     loop   0x002030    program     static                          
                   _false   0x002064    program     static                          
       ___return_lbl00000   0x002068    program     static                          
               OpenTimer1   0x00206a    program     extern E:\c18v3.46\pic18-lt\cxx-framework\src\pmc_common\Timers\t1open.c
                 FXM1616U   0x0020ac    program     extern E:\c18v3.46\pic18-lt\cxx-framework\src\traditional\math\fxm1616u.asm
              WriteTimer1   0x0020e8    program     extern E:\c18v3.46\pic18-lt\cxx-framework\src\pmc_common\Timers\t1write.c
              WriteTimer0   0x002120    program     extern E:\c18v3.46\pic18-lt\cxx-framework\src\pmc_common\Timers\t0write.c
               OpenTimer0   0x002158    program     extern E:\c18v3.46\pic18-lt\cxx-framework\src\pmc_common\Timers\t0open.c
                 FXD1616U   0x002190    program     extern E:\c18v3.46\pic18-lt\cxx-framework\src\traditional\math\fxd1616u.c
                     loop   0x00219a    program     static                          
                  endloop   0x0021b6    program     static                          
       ___return_lbl00000   0x0021ba    program     static                          
              Delay1KTCYx   0x0021bc    program     extern E:\c18v3.46\pic18-lt\cxx-framework\src\traditional\delays\d1ktcyx.asm
                     D1Kx   0x0021c6    program     static E:\c18v3.46\pic18-lt\cxx-framework\src\traditional\delays\d1ktcyx.asm
                    D1K_1   0x0021c8    program     static E:\c18v3.46\pic18-lt\cxx-framework\src\traditional\delays\d1ktcyx.asm
        _D1KTCYXCODE_0010   0x0021cc    program     static E:\c18v3.46\pic18-lt\cxx-framework\src\traditional\delays\d1ktcyx.asm
        _D1KTCYXCODE_0016   0x0021d2    program     static E:\c18v3.46\pic18-lt\cxx-framework\src\traditional\delays\d1ktcyx.asm
            __zero_memory   0x0021dc    program     extern E:\c18v3.46\pic18-lt\cxx-framework\src\traditional\proc\p18f4620.asm
               zero_block   0x0021ea    program     static E:\c18v3.46\pic18-lt\cxx-framework\src\traditional\proc\p18f4620.asm
                   loop_h   0x0021ea    program     static E:\c18v3.46\pic18-lt\cxx-framework\src\traditional\proc\p18f4620.asm
                compare_l   0x0021f2    program     static E:\c18v3.46\pic18-lt\cxx-framework\src\traditional\proc\p18f4620.asm
                   loop_l   0x0021f4    program     static E:\c18v3.46\pic18-lt\cxx-framework\src\traditional\proc\p18f4620.asm
                 _startup   0x0021fc    program     extern E:\c18v3.46\pic18-lt\cxx-framework\src\traditional\startup\c018i.c
                     loop   0x00220c    program     static                          
       ___return_lbl00001   0x002216    program     static                          
                 FXD0808U   0x002218    program     extern E:\c18v3.46\pic18-lt\cxx-framework\src\traditional\math\fxd0808u.c
                     loop   0x002220    program     static                          
                  endloop   0x00222e    program     static                          
       ___return_lbl00000   0x002232    program     static                          
                  HB_init   0x002234    program     extern F:\PIC_Projects\RTC_IN1307\heartBeat.c
                  HB_task   0x00223a    program     extern F:\PIC_Projects\RTC_IN1307\heartBeat.c
              Delay10TCYx   0x00224e    program     extern E:\c18v3.46\pic18-lt\cxx-framework\src\traditional\delays\d10tcyx.asm
                     D10x   0x002256    program     static E:\c18v3.46\pic18-lt\cxx-framework\src\traditional\delays\d10tcyx.asm
        _D10TCYXCODE_000A   0x002258    program     static E:\c18v3.46\pic18-lt\cxx-framework\src\traditional\delays\d10tcyx.asm
        _D10TCYXCODE_000C   0x00225a    program     static E:\c18v3.46\pic18-lt\cxx-framework\src\traditional\delays\d10tcyx.asm
        _D10TCYXCODE_000E   0x00225c    program     static E:\c18v3.46\pic18-lt\cxx-framework\src\traditional\delays\d10tcyx.asm
                    D10_1   0x00225e    program     static E:\c18v3.46\pic18-lt\cxx-framework\src\traditional\delays\d10tcyx.asm
                 BRD_init   0x002264    program     extern F:\PIC_Projects\RTC_IN1307\board.c
               __config_0   0x300001    program     static F:\PIC_Projects\RTC_IN1307\main.c
               __config_1   0x300002    program     static F:\PIC_Projects\RTC_IN1307\main.c
               __config_2   0x300003    program     static F:\PIC_Projects\RTC_IN1307\main.c
               __config_3   0x300005    program     static F:\PIC_Projects\RTC_IN1307\main.c
               __config_4   0x300006    program     static F:\PIC_Projects\RTC_IN1307\main.c
               __config_5   0x300008    program     static F:\PIC_Projects\RTC_IN1307\main.c
               __config_6   0x300009    program     static F:\PIC_Projects\RTC_IN1307\main.c
               __config_7   0x30000a    program     static F:\PIC_Projects\RTC_IN1307\main.c
               __config_8   0x30000b    program     static F:\PIC_Projects\RTC_IN1307\main.c
               __config_9   0x30000c    program     static F:\PIC_Projects\RTC_IN1307\main.c
              __config_10   0x30000d    program     static F:\PIC_Projects\RTC_IN1307\main.c
                     SIGN   0x000000       data     extern E:\c18v3.46\pic18-lt\cxx-framework\src\traditional\math\cmath18.asm
            __FPFLAGSbits   0x000001       data     extern E:\c18v3.46\pic18-lt\cxx-framework\src\traditional\math\cmath18.asm
                __FPFLAGS   0x000001       data     extern E:\c18v3.46\pic18-lt\cxx-framework\src\traditional\math\cmath18.asm
                  __REMB3   0x000002       data     extern E:\c18v3.46\pic18-lt\cxx-framework\src\traditional\math\aarg.asm
                 __AARGB7   0x000002       data     extern E:\c18v3.46\pic18-lt\cxx-framework\src\traditional\math\aarg.asm
                  __REMB2   0x000003       data     extern E:\c18v3.46\pic18-lt\cxx-framework\src\traditional\math\aarg.asm
                 __AARGB6   0x000003       data     extern E:\c18v3.46\pic18-lt\cxx-framework\src\traditional\math\aarg.asm
                  __REMB1   0x000004       data     extern E:\c18v3.46\pic18-lt\cxx-framework\src\traditional\math\aarg.asm
                 __AARGB5   0x000004       data     extern E:\c18v3.46\pic18-lt\cxx-framework\src\traditional\math\aarg.asm
                  __REMB0   0x000005       data     extern E:\c18v3.46\pic18-lt\cxx-framework\src\traditional\math\aarg.asm
                 __AARGB4   0x000005       data     extern E:\c18v3.46\pic18-lt\cxx-framework\src\traditional\math\aarg.asm
                 __AARGB3   0x000006       data     extern E:\c18v3.46\pic18-lt\cxx-framework\src\traditional\math\aarg.asm
                 __AARGB2   0x000007       data     extern E:\c18v3.46\pic18-lt\cxx-framework\src\traditional\math\aarg.asm
                 __AARGB1   0x000008       data     extern E:\c18v3.46\pic18-lt\cxx-framework\src\traditional\math\aarg.asm
                 __AARGB0   0x000009       data     extern E:\c18v3.46\pic18-lt\cxx-framework\src\traditional\math\aarg.asm
                   __AEXP   0x00000a       data     extern E:\c18v3.46\pic18-lt\cxx-framework\src\traditional\math\aarg.asm
                 __BARGB3   0x00000b       data     extern E:\c18v3.46\pic18-lt\cxx-framework\src\traditional\math\barg.asm
                 __BARGB2   0x00000c       data     extern E:\c18v3.46\pic18-lt\cxx-framework\src\traditional\math\barg.asm
                 __BARGB1   0x00000d       data     extern E:\c18v3.46\pic18-lt\cxx-framework\src\traditional\math\barg.asm
                 __BARGB0   0x00000e       data     extern E:\c18v3.46\pic18-lt\cxx-framework\src\traditional\math\barg.asm
                   __BEXP   0x00000f       data     extern E:\c18v3.46\pic18-lt\cxx-framework\src\traditional\math\barg.asm
                 __TEMPB3   0x000010       data     extern E:\c18v3.46\pic18-lt\cxx-framework\src\traditional\math\temparg.asm
                 __TEMPB2   0x000011       data     extern E:\c18v3.46\pic18-lt\cxx-framework\src\traditional\math\temparg.asm
                 __TEMPB1   0x000012       data     extern E:\c18v3.46\pic18-lt\cxx-framework\src\traditional\math\temparg.asm
                 __TEMPB0   0x000013       data     extern E:\c18v3.46\pic18-lt\cxx-framework\src\traditional\math\temparg.asm
                   __TEMP   0x000013       data     extern E:\c18v3.46\pic18-lt\cxx-framework\src\traditional\math\temparg.asm
                  __tmp_0   0x000014       data     static F:\PIC_Projects\RTC_IN1307\digitdisplay.c
                  __tmp_0   0x000014       data     static F:\PIC_Projects\MMD_TXDISP_Firmware\math_fun.c
                  __tmp_0   0x000014       data     static F:\PIC_Projects\RTC_IN1307\app.c
                  __tmp_0   0x000014       data     static F:\PIC_Projects\RTC_IN1307\i2c_driver.c
                  __tmp_0   0x000014       data     static F:\PIC_Projects\RTC_IN1307\rtc_driver.c
            DelayCounter1   0x00001c       data     extern E:\c18v3.46\pic18-lt\cxx-framework\src\traditional\delays\delayd1.asm
  TimeClockUpdateRequired   0x000080       data     extern F:\PIC_Projects\RTC_IN1307\rtc_driver.c
                   DayStr   0x000081       data     extern F:\PIC_Projects\RTC_IN1307\rtc_driver.c
                 MonthStr   0x00008f       data     extern F:\PIC_Projects\RTC_IN1307\rtc_driver.c
                  prevSec   0x0000a7       data     static F:\PIC_Projects\RTC_IN1307\rtc_driver.c
            displayBuffer   0x0000a8       data     extern F:\PIC_Projects\RTC_IN1307\app.c
       readTimeDateBuffer   0x0000b0       data     extern F:\PIC_Projects\RTC_IN1307\app.c
      writeTimeDateBuffer   0x0000b7       data     extern F:\PIC_Projects\RTC_IN1307\app.c
                  message   0x0000be       data     extern F:\PIC_Projects\RTC_IN1307\main.c
                  LED_MAP   0x0000c7       data     extern F:\PIC_Projects\RTC_IN1307\main.c
             RegistersRTC   0x0000d2       data     extern F:\PIC_Projects\RTC_IN1307\rtc_driver.c
                stRtcRegs   0x0000d9       data     extern F:\PIC_Projects\RTC_IN1307\rtc_driver.c
            TimeClockMode   0x0000e1       data     extern F:\PIC_Projects\RTC_IN1307\rtc_driver.c
                      tmr   0x0000e2       data     extern F:\PIC_Projects\RTC_IN1307\timer.c
           heartBeatCount   0x0000ea       data     extern F:\PIC_Projects\RTC_IN1307\timer.c
       keypadUpdate_count   0x0000ec       data     extern F:\PIC_Projects\RTC_IN1307\timer.c
           comUpdateCount   0x0000ee       data     extern F:\PIC_Projects\RTC_IN1307\timer.c
             SEVENSEGMENT   0x0000f0       data     static F:\PIC_Projects\RTC_IN1307\digitdisplay.c
                 ledState   0x0000fb       data     static F:\PIC_Projects\RTC_IN1307\board.c
                 ledState   0x0000fc       data     extern F:\PIC_Projects\RTC_IN1307\heartBeat.c
             digitDisplay   0x000500       data     extern F:\PIC_Projects\RTC_IN1307\digitdisplay.c
                     prom   0x000f00       data     static E:\c18v3.46\pic18-lt\cxx-framework\src\traditional\startup\c018i.c
                curr_byte   0x000f03       data     static E:\c18v3.46\pic18-lt\cxx-framework\src\traditional\startup\c018i.c
               curr_entry   0x000f05       data     static E:\c18v3.46\pic18-lt\cxx-framework\src\traditional\startup\c018i.c
                 data_ptr   0x000f07       data     static E:\c18v3.46\pic18-lt\cxx-framework\src\traditional\startup\c018i.c
                PORTAbits   0x000f80       data     extern E:\c18v3.46\pic18-lt\cxx-framework\src\traditional\proc\p18f4620.asm
                    PORTA   0x000f80       data     extern E:\c18v3.46\pic18-lt\cxx-framework\src\traditional\proc\p18f4620.asm
                PORTBbits   0x000f81       data     extern E:\c18v3.46\pic18-lt\cxx-framework\src\traditional\proc\p18f4620.asm
                    PORTB   0x000f81       data     extern E:\c18v3.46\pic18-lt\cxx-framework\src\traditional\proc\p18f4620.asm
                PORTCbits   0x000f82       data     extern E:\c18v3.46\pic18-lt\cxx-framework\src\traditional\proc\p18f4620.asm
                    PORTC   0x000f82       data     extern E:\c18v3.46\pic18-lt\cxx-framework\src\traditional\proc\p18f4620.asm
                PORTDbits   0x000f83       data     extern E:\c18v3.46\pic18-lt\cxx-framework\src\traditional\proc\p18f4620.asm
                    PORTD   0x000f83       data     extern E:\c18v3.46\pic18-lt\cxx-framework\src\traditional\proc\p18f4620.asm
                    PORTE   0x000f84       data     extern E:\c18v3.46\pic18-lt\cxx-framework\src\traditional\proc\p18f4620.asm
                PORTEbits   0x000f84       data     extern E:\c18v3.46\pic18-lt\cxx-framework\src\traditional\proc\p18f4620.asm
                 LATAbits   0x000f89       data     extern E:\c18v3.46\pic18-lt\cxx-framework\src\traditional\proc\p18f4620.asm
                     LATA   0x000f89       data     extern E:\c18v3.46\pic18-lt\cxx-framework\src\traditional\proc\p18f4620.asm
                 LATBbits   0x000f8a       data     extern E:\c18v3.46\pic18-lt\cxx-framework\src\traditional\proc\p18f4620.asm
                     LATB   0x000f8a       data     extern E:\c18v3.46\pic18-lt\cxx-framework\src\traditional\proc\p18f4620.asm
                     LATC   0x000f8b       data     extern E:\c18v3.46\pic18-lt\cxx-framework\src\traditional\proc\p18f4620.asm
                 LATCbits   0x000f8b       data     extern E:\c18v3.46\pic18-lt\cxx-framework\src\traditional\proc\p18f4620.asm
                     LATD   0x000f8c       data     extern E:\c18v3.46\pic18-lt\cxx-framework\src\traditional\proc\p18f4620.asm
                 LATDbits   0x000f8c       data     extern E:\c18v3.46\pic18-lt\cxx-framework\src\traditional\proc\p18f4620.asm
                     LATE   0x000f8d       data     extern E:\c18v3.46\pic18-lt\cxx-framework\src\traditional\proc\p18f4620.asm
                 LATEbits   0x000f8d       data     extern E:\c18v3.46\pic18-lt\cxx-framework\src\traditional\proc\p18f4620.asm
                     DDRA   0x000f92       data     extern E:\c18v3.46\pic18-lt\cxx-framework\src\traditional\proc\p18f4620.asm
                 DDRAbits   0x000f92       data     extern E:\c18v3.46\pic18-lt\cxx-framework\src\traditional\proc\p18f4620.asm
                    TRISA   0x000f92       data     extern E:\c18v3.46\pic18-lt\cxx-framework\src\traditional\proc\p18f4620.asm
                TRISAbits   0x000f92       data     extern E:\c18v3.46\pic18-lt\cxx-framework\src\traditional\proc\p18f4620.asm
                     DDRB   0x000f93       data     extern E:\c18v3.46\pic18-lt\cxx-framework\src\traditional\proc\p18f4620.asm
                 DDRBbits   0x000f93       data     extern E:\c18v3.46\pic18-lt\cxx-framework\src\traditional\proc\p18f4620.asm
                TRISBbits   0x000f93       data     extern E:\c18v3.46\pic18-lt\cxx-framework\src\traditional\proc\p18f4620.asm
                    TRISB   0x000f93       data     extern E:\c18v3.46\pic18-lt\cxx-framework\src\traditional\proc\p18f4620.asm
                 DDRCbits   0x000f94       data     extern E:\c18v3.46\pic18-lt\cxx-framework\src\traditional\proc\p18f4620.asm
                     DDRC   0x000f94       data     extern E:\c18v3.46\pic18-lt\cxx-framework\src\traditional\proc\p18f4620.asm
                    TRISC   0x000f94       data     extern E:\c18v3.46\pic18-lt\cxx-framework\src\traditional\proc\p18f4620.asm
                TRISCbits   0x000f94       data     extern E:\c18v3.46\pic18-lt\cxx-framework\src\traditional\proc\p18f4620.asm
                    TRISD   0x000f95       data     extern E:\c18v3.46\pic18-lt\cxx-framework\src\traditional\proc\p18f4620.asm
                TRISDbits   0x000f95       data     extern E:\c18v3.46\pic18-lt\cxx-framework\src\traditional\proc\p18f4620.asm
                     DDRD   0x000f95       data     extern E:\c18v3.46\pic18-lt\cxx-framework\src\traditional\proc\p18f4620.asm
                 DDRDbits   0x000f95       data     extern E:\c18v3.46\pic18-lt\cxx-framework\src\traditional\proc\p18f4620.asm
                     DDRE   0x000f96       data     extern E:\c18v3.46\pic18-lt\cxx-framework\src\traditional\proc\p18f4620.asm
                 DDREbits   0x000f96       data     extern E:\c18v3.46\pic18-lt\cxx-framework\src\traditional\proc\p18f4620.asm
                    TRISE   0x000f96       data     extern E:\c18v3.46\pic18-lt\cxx-framework\src\traditional\proc\p18f4620.asm
                TRISEbits   0x000f96       data     extern E:\c18v3.46\pic18-lt\cxx-framework\src\traditional\proc\p18f4620.asm
              OSCTUNEbits   0x000f9b       data     extern E:\c18v3.46\pic18-lt\cxx-framework\src\traditional\proc\p18f4620.asm
                  OSCTUNE   0x000f9b       data     extern E:\c18v3.46\pic18-lt\cxx-framework\src\traditional\proc\p18f4620.asm
                     PIE1   0x000f9d       data     extern E:\c18v3.46\pic18-lt\cxx-framework\src\traditional\proc\p18f4620.asm
                 PIE1bits   0x000f9d       data     extern E:\c18v3.46\pic18-lt\cxx-framework\src\traditional\proc\p18f4620.asm
                     PIR1   0x000f9e       data     extern E:\c18v3.46\pic18-lt\cxx-framework\src\traditional\proc\p18f4620.asm
                 PIR1bits   0x000f9e       data     extern E:\c18v3.46\pic18-lt\cxx-framework\src\traditional\proc\p18f4620.asm
                     IPR1   0x000f9f       data     extern E:\c18v3.46\pic18-lt\cxx-framework\src\traditional\proc\p18f4620.asm
                 IPR1bits   0x000f9f       data     extern E:\c18v3.46\pic18-lt\cxx-framework\src\traditional\proc\p18f4620.asm
                     PIE2   0x000fa0       data     extern E:\c18v3.46\pic18-lt\cxx-framework\src\traditional\proc\p18f4620.asm
                 PIE2bits   0x000fa0       data     extern E:\c18v3.46\pic18-lt\cxx-framework\src\traditional\proc\p18f4620.asm
                     PIR2   0x000fa1       data     extern E:\c18v3.46\pic18-lt\cxx-framework\src\traditional\proc\p18f4620.asm
                 PIR2bits   0x000fa1       data     extern E:\c18v3.46\pic18-lt\cxx-framework\src\traditional\proc\p18f4620.asm
                     IPR2   0x000fa2       data     extern E:\c18v3.46\pic18-lt\cxx-framework\src\traditional\proc\p18f4620.asm
                 IPR2bits   0x000fa2       data     extern E:\c18v3.46\pic18-lt\cxx-framework\src\traditional\proc\p18f4620.asm
                   EECON1   0x000fa6       data     extern E:\c18v3.46\pic18-lt\cxx-framework\src\traditional\proc\p18f4620.asm
               EECON1bits   0x000fa6       data     extern E:\c18v3.46\pic18-lt\cxx-framework\src\traditional\proc\p18f4620.asm
                   EECON2   0x000fa7       data     extern E:\c18v3.46\pic18-lt\cxx-framework\src\traditional\proc\p18f4620.asm
                   EEDATA   0x000fa8       data     extern E:\c18v3.46\pic18-lt\cxx-framework\src\traditional\proc\p18f4620.asm
                    EEADR   0x000fa9       data     extern E:\c18v3.46\pic18-lt\cxx-framework\src\traditional\proc\p18f4620.asm
                   EEADRH   0x000faa       data     extern E:\c18v3.46\pic18-lt\cxx-framework\src\traditional\proc\p18f4620.asm
                    RCSTA   0x000fab       data     extern E:\c18v3.46\pic18-lt\cxx-framework\src\traditional\proc\p18f4620.asm
                RCSTAbits   0x000fab       data     extern E:\c18v3.46\pic18-lt\cxx-framework\src\traditional\proc\p18f4620.asm
                TXSTAbits   0x000fac       data     extern E:\c18v3.46\pic18-lt\cxx-framework\src\traditional\proc\p18f4620.asm
                    TXSTA   0x000fac       data     extern E:\c18v3.46\pic18-lt\cxx-framework\src\traditional\proc\p18f4620.asm
                    TXREG   0x000fad       data     extern E:\c18v3.46\pic18-lt\cxx-framework\src\traditional\proc\p18f4620.asm
                    RCREG   0x000fae       data     extern E:\c18v3.46\pic18-lt\cxx-framework\src\traditional\proc\p18f4620.asm
                    SPBRG   0x000faf       data     extern E:\c18v3.46\pic18-lt\cxx-framework\src\traditional\proc\p18f4620.asm
                   SPBRGH   0x000fb0       data     extern E:\c18v3.46\pic18-lt\cxx-framework\src\traditional\proc\p18f4620.asm
                    T3CON   0x000fb1       data     extern E:\c18v3.46\pic18-lt\cxx-framework\src\traditional\proc\p18f4620.asm
                T3CONbits   0x000fb1       data     extern E:\c18v3.46\pic18-lt\cxx-framework\src\traditional\proc\p18f4620.asm
                    TMR3L   0x000fb2       data     extern E:\c18v3.46\pic18-lt\cxx-framework\src\traditional\proc\p18f4620.asm
                    TMR3H   0x000fb3       data     extern E:\c18v3.46\pic18-lt\cxx-framework\src\traditional\proc\p18f4620.asm
                    CMCON   0x000fb4       data     extern E:\c18v3.46\pic18-lt\cxx-framework\src\traditional\proc\p18f4620.asm
                CMCONbits   0x000fb4       data     extern E:\c18v3.46\pic18-lt\cxx-framework\src\traditional\proc\p18f4620.asm
                   CVRCON   0x000fb5       data     extern E:\c18v3.46\pic18-lt\cxx-framework\src\traditional\proc\p18f4620.asm
               CVRCONbits   0x000fb5       data     extern E:\c18v3.46\pic18-lt\cxx-framework\src\traditional\proc\p18f4620.asm
              ECCP1ASbits   0x000fb6       data     extern E:\c18v3.46\pic18-lt\cxx-framework\src\traditional\proc\p18f4620.asm
                  ECCP1AS   0x000fb6       data     extern E:\c18v3.46\pic18-lt\cxx-framework\src\traditional\proc\p18f4620.asm
                  PWM1CON   0x000fb7       data     extern E:\c18v3.46\pic18-lt\cxx-framework\src\traditional\proc\p18f4620.asm
              PWM1CONbits   0x000fb7       data     extern E:\c18v3.46\pic18-lt\cxx-framework\src\traditional\proc\p18f4620.asm
                  BAUDCON   0x000fb8       data     extern E:\c18v3.46\pic18-lt\cxx-framework\src\traditional\proc\p18f4620.asm
              BAUDCTLbits   0x000fb8       data     extern E:\c18v3.46\pic18-lt\cxx-framework\src\traditional\proc\p18f4620.asm
                  BAUDCTL   0x000fb8       data     extern E:\c18v3.46\pic18-lt\cxx-framework\src\traditional\proc\p18f4620.asm
              BAUDCONbits   0x000fb8       data     extern E:\c18v3.46\pic18-lt\cxx-framework\src\traditional\proc\p18f4620.asm
                  CCP2CON   0x000fba       data     extern E:\c18v3.46\pic18-lt\cxx-framework\src\traditional\proc\p18f4620.asm
              CCP2CONbits   0x000fba       data     extern E:\c18v3.46\pic18-lt\cxx-framework\src\traditional\proc\p18f4620.asm
                    CCPR2   0x000fbb       data     extern E:\c18v3.46\pic18-lt\cxx-framework\src\traditional\proc\p18f4620.asm
                   CCPR2L   0x000fbb       data     extern E:\c18v3.46\pic18-lt\cxx-framework\src\traditional\proc\p18f4620.asm
                   CCPR2H   0x000fbc       data     extern E:\c18v3.46\pic18-lt\cxx-framework\src\traditional\proc\p18f4620.asm
              CCP1CONbits   0x000fbd       data     extern E:\c18v3.46\pic18-lt\cxx-framework\src\traditional\proc\p18f4620.asm
                  CCP1CON   0x000fbd       data     extern E:\c18v3.46\pic18-lt\cxx-framework\src\traditional\proc\p18f4620.asm
                   CCPR1L   0x000fbe       data     extern E:\c18v3.46\pic18-lt\cxx-framework\src\traditional\proc\p18f4620.asm
                    CCPR1   0x000fbe       data     extern E:\c18v3.46\pic18-lt\cxx-framework\src\traditional\proc\p18f4620.asm
                   CCPR1H   0x000fbf       data     extern E:\c18v3.46\pic18-lt\cxx-framework\src\traditional\proc\p18f4620.asm
                   ADCON2   0x000fc0       data     extern E:\c18v3.46\pic18-lt\cxx-framework\src\traditional\proc\p18f4620.asm
               ADCON2bits   0x000fc0       data     extern E:\c18v3.46\pic18-lt\cxx-framework\src\traditional\proc\p18f4620.asm
                   ADCON1   0x000fc1       data     extern E:\c18v3.46\pic18-lt\cxx-framework\src\traditional\proc\p18f4620.asm
               ADCON1bits   0x000fc1       data     extern E:\c18v3.46\pic18-lt\cxx-framework\src\traditional\proc\p18f4620.asm
                   ADCON0   0x000fc2       data     extern E:\c18v3.46\pic18-lt\cxx-framework\src\traditional\proc\p18f4620.asm
               ADCON0bits   0x000fc2       data     extern E:\c18v3.46\pic18-lt\cxx-framework\src\traditional\proc\p18f4620.asm
                    ADRES   0x000fc3       data     extern E:\c18v3.46\pic18-lt\cxx-framework\src\traditional\proc\p18f4620.asm
                   ADRESL   0x000fc3       data     extern E:\c18v3.46\pic18-lt\cxx-framework\src\traditional\proc\p18f4620.asm
                   ADRESH   0x000fc4       data     extern E:\c18v3.46\pic18-lt\cxx-framework\src\traditional\proc\p18f4620.asm
                  SSPCON2   0x000fc5       data     extern E:\c18v3.46\pic18-lt\cxx-framework\src\traditional\proc\p18f4620.asm
              SSPCON2bits   0x000fc5       data     extern E:\c18v3.46\pic18-lt\cxx-framework\src\traditional\proc\p18f4620.asm
                  SSPCON1   0x000fc6       data     extern E:\c18v3.46\pic18-lt\cxx-framework\src\traditional\proc\p18f4620.asm
              SSPCON1bits   0x000fc6       data     extern E:\c18v3.46\pic18-lt\cxx-framework\src\traditional\proc\p18f4620.asm
                  SSPSTAT   0x000fc7       data     extern E:\c18v3.46\pic18-lt\cxx-framework\src\traditional\proc\p18f4620.asm
              SSPSTATbits   0x000fc7       data     extern E:\c18v3.46\pic18-lt\cxx-framework\src\traditional\proc\p18f4620.asm
                   SSPADD   0x000fc8       data     extern E:\c18v3.46\pic18-lt\cxx-framework\src\traditional\proc\p18f4620.asm
                   SSPBUF   0x000fc9       data     extern E:\c18v3.46\pic18-lt\cxx-framework\src\traditional\proc\p18f4620.asm
                    T2CON   0x000fca       data     extern E:\c18v3.46\pic18-lt\cxx-framework\src\traditional\proc\p18f4620.asm
                T2CONbits   0x000fca       data     extern E:\c18v3.46\pic18-lt\cxx-framework\src\traditional\proc\p18f4620.asm
                      PR2   0x000fcb       data     extern E:\c18v3.46\pic18-lt\cxx-framework\src\traditional\proc\p18f4620.asm
                     TMR2   0x000fcc       data     extern E:\c18v3.46\pic18-lt\cxx-framework\src\traditional\proc\p18f4620.asm
                    T1CON   0x000fcd       data     extern E:\c18v3.46\pic18-lt\cxx-framework\src\traditional\proc\p18f4620.asm
                T1CONbits   0x000fcd       data     extern E:\c18v3.46\pic18-lt\cxx-framework\src\traditional\proc\p18f4620.asm
                    TMR1L   0x000fce       data     extern E:\c18v3.46\pic18-lt\cxx-framework\src\traditional\proc\p18f4620.asm
                    TMR1H   0x000fcf       data     extern E:\c18v3.46\pic18-lt\cxx-framework\src\traditional\proc\p18f4620.asm
                     RCON   0x000fd0       data     extern E:\c18v3.46\pic18-lt\cxx-framework\src\traditional\proc\p18f4620.asm
                 RCONbits   0x000fd0       data     extern E:\c18v3.46\pic18-lt\cxx-framework\src\traditional\proc\p18f4620.asm
               WDTCONbits   0x000fd1       data     extern E:\c18v3.46\pic18-lt\cxx-framework\src\traditional\proc\p18f4620.asm
                   WDTCON   0x000fd1       data     extern E:\c18v3.46\pic18-lt\cxx-framework\src\traditional\proc\p18f4620.asm
               LVDCONbits   0x000fd2       data     extern E:\c18v3.46\pic18-lt\cxx-framework\src\traditional\proc\p18f4620.asm
                   LVDCON   0x000fd2       data     extern E:\c18v3.46\pic18-lt\cxx-framework\src\traditional\proc\p18f4620.asm
              HLVDCONbits   0x000fd2       data     extern E:\c18v3.46\pic18-lt\cxx-framework\src\traditional\proc\p18f4620.asm
                  HLVDCON   0x000fd2       data     extern E:\c18v3.46\pic18-lt\cxx-framework\src\traditional\proc\p18f4620.asm
               OSCCONbits   0x000fd3       data     extern E:\c18v3.46\pic18-lt\cxx-framework\src\traditional\proc\p18f4620.asm
                   OSCCON   0x000fd3       data     extern E:\c18v3.46\pic18-lt\cxx-framework\src\traditional\proc\p18f4620.asm
                    T0CON   0x000fd5       data     extern E:\c18v3.46\pic18-lt\cxx-framework\src\traditional\proc\p18f4620.asm
                T0CONbits   0x000fd5       data     extern E:\c18v3.46\pic18-lt\cxx-framework\src\traditional\proc\p18f4620.asm
                    TMR0L   0x000fd6       data     extern E:\c18v3.46\pic18-lt\cxx-framework\src\traditional\proc\p18f4620.asm
                    TMR0H   0x000fd7       data     extern E:\c18v3.46\pic18-lt\cxx-framework\src\traditional\proc\p18f4620.asm
               STATUSbits   0x000fd8       data     extern E:\c18v3.46\pic18-lt\cxx-framework\src\traditional\proc\p18f4620.asm
                   STATUS   0x000fd8       data     extern E:\c18v3.46\pic18-lt\cxx-framework\src\traditional\proc\p18f4620.asm
                    FSR2L   0x000fd9       data     extern E:\c18v3.46\pic18-lt\cxx-framework\src\traditional\proc\p18f4620.asm
                     FSR2   0x000fd9       data     extern E:\c18v3.46\pic18-lt\cxx-framework\src\traditional\proc\p18f4620.asm
                    FSR2H   0x000fda       data     extern E:\c18v3.46\pic18-lt\cxx-framework\src\traditional\proc\p18f4620.asm
                   PLUSW2   0x000fdb       data     extern E:\c18v3.46\pic18-lt\cxx-framework\src\traditional\proc\p18f4620.asm
                  PREINC2   0x000fdc       data     extern E:\c18v3.46\pic18-lt\cxx-framework\src\traditional\proc\p18f4620.asm
                 POSTDEC2   0x000fdd       data     extern E:\c18v3.46\pic18-lt\cxx-framework\src\traditional\proc\p18f4620.asm
                 POSTINC2   0x000fde       data     extern E:\c18v3.46\pic18-lt\cxx-framework\src\traditional\proc\p18f4620.asm
                    INDF2   0x000fdf       data     extern E:\c18v3.46\pic18-lt\cxx-framework\src\traditional\proc\p18f4620.asm
                      BSR   0x000fe0       data     extern E:\c18v3.46\pic18-lt\cxx-framework\src\traditional\proc\p18f4620.asm
                    FSR1L   0x000fe1       data     extern E:\c18v3.46\pic18-lt\cxx-framework\src\traditional\proc\p18f4620.asm
                     FSR1   0x000fe1       data     extern E:\c18v3.46\pic18-lt\cxx-framework\src\traditional\proc\p18f4620.asm
                    FSR1H   0x000fe2       data     extern E:\c18v3.46\pic18-lt\cxx-framework\src\traditional\proc\p18f4620.asm
                   PLUSW1   0x000fe3       data     extern E:\c18v3.46\pic18-lt\cxx-framework\src\traditional\proc\p18f4620.asm
                  PREINC1   0x000fe4       data     extern E:\c18v3.46\pic18-lt\cxx-framework\src\traditional\proc\p18f4620.asm
                 POSTDEC1   0x000fe5       data     extern E:\c18v3.46\pic18-lt\cxx-framework\src\traditional\proc\p18f4620.asm
                 POSTINC1   0x000fe6       data     extern E:\c18v3.46\pic18-lt\cxx-framework\src\traditional\proc\p18f4620.asm
                    INDF1   0x000fe7       data     extern E:\c18v3.46\pic18-lt\cxx-framework\src\traditional\proc\p18f4620.asm
                        W   0x000fe8       data     extern E:\c18v3.46\pic18-lt\cxx-framework\src\traditional\proc\p18f4620.asm
                     WREG   0x000fe8       data     extern E:\c18v3.46\pic18-lt\cxx-framework\src\traditional\proc\p18f4620.asm
                     FSR0   0x000fe9       data     extern E:\c18v3.46\pic18-lt\cxx-framework\src\traditional\proc\p18f4620.asm
                    FSR0L   0x000fe9       data     extern E:\c18v3.46\pic18-lt\cxx-framework\src\traditional\proc\p18f4620.asm
                    FSR0H   0x000fea       data     extern E:\c18v3.46\pic18-lt\cxx-framework\src\traditional\proc\p18f4620.asm
                   PLUSW0   0x000feb       data     extern E:\c18v3.46\pic18-lt\cxx-framework\src\traditional\proc\p18f4620.asm
                  PREINC0   0x000fec       data     extern E:\c18v3.46\pic18-lt\cxx-framework\src\traditional\proc\p18f4620.asm
                 POSTDEC0   0x000fed       data     extern E:\c18v3.46\pic18-lt\cxx-framework\src\traditional\proc\p18f4620.asm
                 POSTINC0   0x000fee       data     extern E:\c18v3.46\pic18-lt\cxx-framework\src\traditional\proc\p18f4620.asm
                    INDF0   0x000fef       data     extern E:\c18v3.46\pic18-lt\cxx-framework\src\traditional\proc\p18f4620.asm
              INTCON3bits   0x000ff0       data     extern E:\c18v3.46\pic18-lt\cxx-framework\src\traditional\proc\p18f4620.asm
                  INTCON3   0x000ff0       data     extern E:\c18v3.46\pic18-lt\cxx-framework\src\traditional\proc\p18f4620.asm
              INTCON2bits   0x000ff1       data     extern E:\c18v3.46\pic18-lt\cxx-framework\src\traditional\proc\p18f4620.asm
                  INTCON2   0x000ff1       data     extern E:\c18v3.46\pic18-lt\cxx-framework\src\traditional\proc\p18f4620.asm
               INTCONbits   0x000ff2       data     extern E:\c18v3.46\pic18-lt\cxx-framework\src\traditional\proc\p18f4620.asm
                   INTCON   0x000ff2       data     extern E:\c18v3.46\pic18-lt\cxx-framework\src\traditional\proc\p18f4620.asm
                     PROD   0x000ff3       data     extern E:\c18v3.46\pic18-lt\cxx-framework\src\traditional\proc\p18f4620.asm
                    PRODL   0x000ff3       data     extern E:\c18v3.46\pic18-lt\cxx-framework\src\traditional\proc\p18f4620.asm
                    PRODH   0x000ff4       data     extern E:\c18v3.46\pic18-lt\cxx-framework\src\traditional\proc\p18f4620.asm
                   TABLAT   0x000ff5       data     extern E:\c18v3.46\pic18-lt\cxx-framework\src\traditional\proc\p18f4620.asm
                  TBLPTRL   0x000ff6       data     extern E:\c18v3.46\pic18-lt\cxx-framework\src\traditional\proc\p18f4620.asm
                   TBLPTR   0x000ff6       data     extern E:\c18v3.46\pic18-lt\cxx-framework\src\traditional\proc\p18f4620.asm
                  TBLPTRH   0x000ff7       data     extern E:\c18v3.46\pic18-lt\cxx-framework\src\traditional\proc\p18f4620.asm
                  TBLPTRU   0x000ff8       data     extern E:\c18v3.46\pic18-lt\cxx-framework\src\traditional\proc\p18f4620.asm
                      PCL   0x000ff9       data     extern E:\c18v3.46\pic18-lt\cxx-framework\src\traditional\proc\p18f4620.asm
                       PC   0x000ff9       data     extern E:\c18v3.46\pic18-lt\cxx-framework\src\traditional\proc\p18f4620.asm
                   PCLATH   0x000ffa       data     extern E:\c18v3.46\pic18-lt\cxx-framework\src\traditional\proc\p18f4620.asm
                   PCLATU   0x000ffb       data     extern E:\c18v3.46\pic18-lt\cxx-framework\src\traditional\proc\p18f4620.asm
                   STKPTR   0x000ffc       data     extern E:\c18v3.46\pic18-lt\cxx-framework\src\traditional\proc\p18f4620.asm
               STKPTRbits   0x000ffc       data     extern E:\c18v3.46\pic18-lt\cxx-framework\src\traditional\proc\p18f4620.asm
                     TOSL   0x000ffd       data     extern E:\c18v3.46\pic18-lt\cxx-framework\src\traditional\proc\p18f4620.asm
                      TOS   0x000ffd       data     extern E:\c18v3.46\pic18-lt\cxx-framework\src\traditional\proc\p18f4620.asm
                     TOSH   0x000ffe       data     extern E:\c18v3.46\pic18-lt\cxx-framework\src\traditional\proc\p18f4620.asm
                     TOSU   0x000fff       data     extern E:\c18v3.46\pic18-lt\cxx-framework\src\traditional\proc\p18f4620.asm


